Component: ARM Compiler 5.06 update 5 (build 528) Tool: armlink [4d35e2]

==============================================================================

Section Cross References

    startup_stm32f103xb.o(STACK) refers (Special) to heapauxi.o(.text) for __use_two_region_memory
    startup_stm32f103xb.o(HEAP) refers (Special) to heapauxi.o(.text) for __use_two_region_memory
    startup_stm32f103xb.o(RESET) refers (Special) to heapauxi.o(.text) for __use_two_region_memory
    startup_stm32f103xb.o(RESET) refers to startup_stm32f103xb.o(STACK) for __initial_sp
    startup_stm32f103xb.o(RESET) refers to startup_stm32f103xb.o(.text) for Reset_Handler
    startup_stm32f103xb.o(RESET) refers to stm32f1xx_it_1.o(i.NMI_Handler) for NMI_Handler
    startup_stm32f103xb.o(RESET) refers to stm32f1xx_it_1.o(i.HardFault_Handler) for HardFault_Handler
    startup_stm32f103xb.o(RESET) refers to stm32f1xx_it_1.o(i.MemManage_Handler) for MemManage_Handler
    startup_stm32f103xb.o(RESET) refers to stm32f1xx_it_1.o(i.BusFault_Handler) for BusFault_Handler
    startup_stm32f103xb.o(RESET) refers to stm32f1xx_it_1.o(i.UsageFault_Handler) for UsageFault_Handler
    startup_stm32f103xb.o(RESET) refers to stm32f1xx_it_1.o(i.SVC_Handler) for SVC_Handler
    startup_stm32f103xb.o(RESET) refers to stm32f1xx_it_1.o(i.DebugMon_Handler) for DebugMon_Handler
    startup_stm32f103xb.o(RESET) refers to stm32f1xx_it_1.o(i.PendSV_Handler) for PendSV_Handler
    startup_stm32f103xb.o(RESET) refers to stm32f1xx_it_1.o(i.SysTick_Handler) for SysTick_Handler
    startup_stm32f103xb.o(RESET) refers to stm32f1xx_it_1.o(i.TIM1_UP_IRQHandler) for TIM1_UP_IRQHandler
    startup_stm32f103xb.o(RESET) refers to stm32f1xx_it_1.o(i.USART2_IRQHandler) for USART2_IRQHandler
    startup_stm32f103xb.o(.text) refers (Special) to heapauxi.o(.text) for __use_two_region_memory
    startup_stm32f103xb.o(.text) refers to system_stm32f1xx_1.o(i.SystemInit) for SystemInit
    startup_stm32f103xb.o(.text) refers to __main.o(!!!main) for __main
    startup_stm32f103xb.o(.text) refers to startup_stm32f103xb.o(HEAP) for Heap_Mem
    startup_stm32f103xb.o(.text) refers to startup_stm32f103xb.o(STACK) for Stack_Mem
    balance.o(i.Balance_Init) refers to stm32f1xx_hal_tim.o(i.HAL_TIM_PWM_Start) for HAL_TIM_PWM_Start
    balance.o(i.Balance_Init) refers to stm32f1xx_hal_tim.o(i.HAL_TIM_Encoder_Start) for HAL_TIM_Encoder_Start
    balance.o(i.Balance_Init) refers to stm32f1xx_hal_tim.o(i.HAL_TIM_Base_Start_IT) for HAL_TIM_Base_Start_IT
    balance.o(i.Balance_Init) refers to tim.o(.bss) for htim2
    balance.o(i.Balance_Start) refers to pid.o(i.PID_Init) for PID_Init
    balance.o(i.Balance_Start) refers to balance.o(.data) for .data
    balance.o(i.Balance_Stop) refers to motor.o(i.Motor_SetPWM) for Motor_SetPWM
    balance.o(i.Balance_Stop) refers to balance.o(.data) for .data
    balance.o(i.Balance_TimerCallback) refers to key.o(i.Key_Tick) for Key_Tick
    balance.o(i.Balance_TimerCallback) refers to mpu6050.o(i.MPU6050_GetData) for MPU6050_GetData
    balance.o(i.Balance_TimerCallback) refers to dflt_clz.o(x$fpl$dflt) for __aeabi_i2d
    balance.o(i.Balance_TimerCallback) refers to atan2.o(i.atan2) for atan2
    balance.o(i.Balance_TimerCallback) refers to ddiv.o(x$fpl$ddiv) for __aeabi_ddiv
    balance.o(i.Balance_TimerCallback) refers to dmul.o(x$fpl$dmul) for __aeabi_dmul
    balance.o(i.Balance_TimerCallback) refers to d2f.o(x$fpl$d2f) for __aeabi_d2f
    balance.o(i.Balance_TimerCallback) refers to scalbn.o(x$fpl$scalbn) for __ARM_scalbn
    balance.o(i.Balance_TimerCallback) refers to faddsub_clz.o(x$fpl$fadd) for __aeabi_fadd
    balance.o(i.Balance_TimerCallback) refers to fmul.o(x$fpl$fmul) for __aeabi_fmul
    balance.o(i.Balance_TimerCallback) refers to f2d.o(x$fpl$f2d) for __aeabi_f2d
    balance.o(i.Balance_TimerCallback) refers to daddsub_clz.o(x$fpl$dadd) for __aeabi_dadd
    balance.o(i.Balance_TimerCallback) refers to faddsub_clz.o(x$fpl$fsub) for __aeabi_fsub
    balance.o(i.Balance_TimerCallback) refers to encoder.o(i.Encoder_Get) for Encoder_Get
    balance.o(i.Balance_TimerCallback) refers to scalbnf.o(x$fpl$scalbnf) for __ARM_scalbnf
    balance.o(i.Balance_TimerCallback) refers to pid.o(i.PID_Update) for PID_Update
    balance.o(i.Balance_TimerCallback) refers to ffix.o(x$fpl$ffix) for __aeabi_f2iz
    balance.o(i.Balance_TimerCallback) refers to motor.o(i.Motor_SetPWM) for Motor_SetPWM
    balance.o(i.Balance_TimerCallback) refers to balance.o(.data) for .data
    balance.o(i.Balance_TimerCallback) refers to i2c.o(.bss) for hi2c2
    balance.o(i.HAL_TIM_PeriodElapsedCallback) refers to balance.o(i.Balance_TimerCallback) for Balance_TimerCallback
    main.o(i.SystemClock_Config) refers to rt_memclr_w.o(.text) for __aeabi_memclr4
    main.o(i.SystemClock_Config) refers to stm32f1xx_hal_rcc.o(i.HAL_RCC_OscConfig) for HAL_RCC_OscConfig
    main.o(i.SystemClock_Config) refers to stm32f1xx_hal_rcc.o(i.HAL_RCC_ClockConfig) for HAL_RCC_ClockConfig
[...]
    EXTI0_IRQHandler                         0x0800026f   Thumb Code     0  startup_stm32f103xb.o(.text)
    EXTI15_10_IRQHandler                     0x0800026f   Thumb Code     0  startup_stm32f103xb.o(.text)
    EXTI1_IRQHandler                         0x0800026f   Thumb Code     0  startup_stm32f103xb.o(.text)
    EXTI2_IRQHandler                         0x0800026f   Thumb Code     0  startup_stm32f103xb.o(.text)
    EXTI3_IRQHandler                         0x0800026f   Thumb Code     0  startup_stm32f103xb.o(.text)
    EXTI4_IRQHandler                         0x0800026f   Thumb Code     0  startup_stm32f103xb.o(.text)
    EXTI9_5_IRQHandler                       0x0800026f   Thumb Code     0  startup_stm32f103xb.o(.text)
    FLASH_IRQHandler                         0x0800026f   Thumb Code     0  startup_stm32f103xb.o(.text)
    I2C1_ER_IRQHandler                       0x0800026f   Thumb Code     0  startup_stm32f103xb.o(.text)
    I2C1_EV_IRQHandler                       0x0800026f   Thumb Code     0  startup_stm32f103xb.o(.text)
    I2C2_ER_IRQHandler                       0x0800026f   Thumb Code     0  startup_stm32f103xb.o(.text)
    I2C2_EV_IRQHandler                       0x0800026f   Thumb Code     0  startup_stm32f103xb.o(.text)
    PVD_IRQHandler                           0x0800026f   Thumb Code     0  startup_stm32f103xb.o(.text)
    RCC_IRQHandler                           0x0800026f   Thumb Code     0  startup_stm32f103xb.o(.text)
    RTC_Alarm_IRQHandler                     0x0800026f   Thumb Code     0  startup_stm32f103xb.o(.text)
    RTC_IRQHandler                           0x0800026f   Thumb Code     0  startup_stm32f103xb.o(.text)
    SPI1_IRQHandler                          0x0800026f   Thumb Code     0  startup_stm32f103xb.o(.text)
    SPI2_IRQHandler                          0x0800026f   Thumb Code     0  startup_stm32f103xb.o(.text)
    TAMPER_IRQHandler                        0x0800026f   Thumb Code     0  startup_stm32f103xb.o(.text)
    TIM1_BRK_IRQHandler                      0x0800026f   Thumb Code     0  startup_stm32f103xb.o(.text)
    TIM1_CC_IRQHandler                       0x0800026f   Thumb Code     0  startup_stm32f103xb.o(.text)
    TIM1_TRG_COM_IRQHandler                  0x0800026f   Thumb Code     0  startup_stm32f103xb.o(.text)
    TIM2_IRQHandler                          0x0800026f   Thumb Code     0  startup_stm32f103xb.o(.text)
    TIM3_IRQHandler                          0x0800026f   Thumb Code     0  startup_stm32f103xb.o(.text)
    TIM4_IRQHandler                          0x0800026f   Thumb Code     0  startup_stm32f103xb.o(.text)
    USART1_IRQHandler                        0x0800026f   Thumb Code     0  startup_stm32f103xb.o(.text)
    USART3_IRQHandler                        0x0800026f   Thumb Code     0  startup_stm32f103xb.o(.text)
    USBWakeUp_IRQHandler                     0x0800026f   Thumb Code     0  startup_stm32f103xb.o(.text)
    USB_HP_CAN1_TX_IRQHandler                0x0800026f   Thumb Code     0  startup_stm32f103xb.o(.text)
    USB_LP_CAN1_RX0_IRQHandler               0x0800026f   Thumb Code     0  startup_stm32f103xb.o(.text)
    WWDG_IRQHandler                          0x0800026f   Thumb Code     0  startup_stm32f103xb.o(.text)
    __user_initial_stackheap                 0x08000271   Thumb Code     0  startup_stm32f103xb.o(.text)
    __aeabi_llsr                             0x08000295   Thumb Code     0  llushr.o(.text)
    _ll_ushift_r                             0x08000295   Thumb Code    38  llushr.o(.text)
    vsprintf                                 0x080002bd   Thumb Code    32  vsprintf.o(.text)
    atoi                                     0x080002e1   Thumb Code    26  atoi.o(.text)
    strlen                                   0x080002fb   Thumb Code    62  strlen.o(.text)
    __aeabi_memclr4                          0x08000339   Thumb Code     0  rt_memclr_w.o(.text)
    __aeabi_memclr8                          0x08000339   Thumb Code     0  rt_memclr_w.o(.text)
    __rt_memclr_w                            0x08000339   Thumb Code    78  rt_memclr_w.o(.text)
    _memset_w                                0x0800033d   Thumb Code     0  rt_memclr_w.o(.text)
    strcmp                                   0x08000389   Thumb Code   128  strcmpv7m.o(.text)
    __use_two_region_memory                  0x08000409   Thumb Code     2  heapauxi.o(.text)
    __rt_heap_escrow$2region                 0x0800040b   Thumb Code     2  heapauxi.o(.text)
    __rt_heap_expand$2region                 0x0800040d   Thumb Code     2  heapauxi.o(.text)
    __aeabi_errno_addr                       0x08000411   Thumb Code     8  rt_errno_addr_intlibspace.o(.text)
    __errno$intlibspace                      0x08000411   Thumb Code     0  rt_errno_addr_intlibspace.o(.text)
    __rt_errno_addr$intlibspace              0x08000411   Thumb Code     0  rt_errno_addr_intlibspace.o(.text)
    _printf_pre_padding                      0x08000419   Thumb Code    44  _printf_pad.o(.text)
    _printf_post_padding                     0x08000445   Thumb Code    34  _printf_pad.o(.text)
    _printf_truncate_signed                  0x08000467   Thumb Code    18  _printf_truncate.o(.text)
    _printf_truncate_unsigned                0x08000479   Thumb Code    18  _printf_truncate.o(.text)
    _printf_str                              0x0800048b   Thumb Code    82  _printf_str.o(.text)
    _printf_int_dec                          0x080004dd   Thumb Code   104  _printf_dec.o(.text)
    _printf_charcount                        0x08000555   Thumb Code    40  _printf_charcount.o(.text)
    _printf_char_common                      0x08000587   Thumb Code    32  _printf_char_common.o(.text)
    _sputc                                   0x080005ad   Thumb Code    10  _sputc.o(.text)
    _printf_wctomb                           0x080005b9   Thumb Code   182  _printf_wctomb.o(.text)
    _printf_longlong_dec                     0x08000675   Thumb Code   108  _printf_longlong_dec.o(.text)
    _printf_longlong_oct                     0x080006f1   Thumb Code    66  _printf_oct_int_ll.o(.text)
    _printf_int_oct                          0x08000733   Thumb Code    24  _printf_oct_int_ll.o(.text)
    _printf_ll_oct                           0x0800074b   Thumb Code    12  _printf_oct_int_ll.o(.text)
    _printf_longlong_hex                     0x08000761   Thumb Code    86  _printf_hex_int_ll_ptr.o(.text)
    _printf_int_hex                          0x080007b7   Thumb Code    28  _printf_hex_int_ll_ptr.o(.text)
    _printf_ll_hex                           0x080007d3   Thumb Code    12  _printf_hex_int_ll_ptr.o(.text)
    _printf_hex_ptr                          0x080007df   Thumb Code    18  _printf_hex_int_ll_ptr.o(.text)
    __printf                                 0x080007f5   Thumb Code   388  __printf_flags_ss_wp.o(.text)
    strtol                                   0x0800097d   Thumb Code   112  strtol.o(.text)
    __user_libspace                          0x080009ed   Thumb Code     8  libspace.o(.text)
    __user_perproc_libspace                  0x080009ed   Thumb Code     0  libspace.o(.text)
    __user_perthread_libspace                0x080009ed   Thumb Code     0  libspace.o(.text)
    __rt_ctype_table                         0x080009f5   Thumb Code    16  rt_ctype_table.o(.text)
    _ll_udiv10                               0x08000a05   Thumb Code   138  lludiv10.o(.text)
    _printf_int_common                       0x08000a8f   Thumb Code   178  _printf_intcommon.o(.text)
    __lib_sel_fp_printf                      0x08000b41   Thumb Code     2  _printf_fp_dec.o(.text)
    _printf_fp_dec_real                      0x08000cf3   Thumb Code   620  _printf_fp_dec.o(.text)
    _printf_fp_hex_real                      0x08000f61   Thumb Code   756  _printf_fp_hex.o(.text)
    _printf_cs_common                        0x0800125d   Thumb Code    20  _printf_char.o(.text)
    _printf_char                             0x08001271   Thumb Code    16  _printf_char.o(.text)
    _printf_string                           0x08001281   Thumb Code     8  _printf_char.o(.text)
    _printf_lcs_common                       0x08001289   Thumb Code    20  _printf_wchar.o(.text)
    _printf_wchar                            0x0800129d   Thumb Code    16  _printf_wchar.o(.text)
    _printf_wstring                          0x080012ad   Thumb Code     8  _printf_wchar.o(.text)
    _strtoul                                 0x080012b5   Thumb Code   158  _strtoul.o(.text)
    _wcrtomb                                 0x08001353   Thumb Code    64  _wcrtomb.o(.text)
    __user_setup_stackheap                   0x08001393   Thumb Code    74  sys_stackheap_outer.o(.text)
    __rt_locale                              0x080013dd   Thumb Code     8  rt_locale_intlibspace.o(.text)
    _printf_fp_infnan                        0x080013e5   Thumb Code   112  _printf_fp_infnan.o(.text)
    _chval                                   0x08001465   Thumb Code    28  _chval.o(.text)
    _btod_etento                             0x08001481   Thumb Code   224  bigflt0.o(.text)
    exit                                     0x08001565   Thumb Code    18  exit.o(.text)
    _sys_exit                                0x08001579   Thumb Code     8  sys_exit.o(.text)
    __I$use$semihosting                      0x08001585   Thumb Code     0  use_no_semi.o(.text)
    __use_no_semihosting_swi                 0x08001585   Thumb Code     2  use_no_semi.o(.text)
    __semihosting_library_function           0x08001587   Thumb Code     0  indicate_semi.o(.text)
    _btod_d2e                                0x08001587   Thumb Code    62  btod.o(CL$$btod_d2e)
    _d2e_denorm_low                          0x080015c5   Thumb Code    70  btod.o(CL$$btod_d2e_denorm_low)
    _d2e_norm_op1                            0x0800160b   Thumb Code    96  btod.o(CL$$btod_d2e_norm_op1)
    __btod_div_common                        0x0800166b   Thumb Code   696  btod.o(CL$$btod_div_common)
    _e2e                                     0x080019a3   Thumb Code   220  btod.o(CL$$btod_e2e)
    _btod_ediv                               0x08001a7f   Thumb Code    42  btod.o(CL$$btod_ediv)
    _btod_emul                               0x08001aa9   Thumb Code    42  btod.o(CL$$btod_emul)
    __btod_mult_common                       0x08001ad3   Thumb Code   580  btod.o(CL$$btod_mult_common)
    Balance_Init                             0x08001d19   Thumb Code    44  balance.o(i.Balance_Init)
    Balance_TimerCallback                    0x08001d55   Thumb Code   652  balance.o(i.Balance_TimerCallback)
    BlueSerial_Get                           0x0800202d   Thumb Code    44  blueserial.o(i.BlueSerial_Get)
    BlueSerial_IRQHandler                    0x08002061   Thumb Code    12  blueserial.o(i.BlueSerial_IRQHandler)
    BlueSerial_Init                          0x08002071   Thumb Code    10  blueserial.o(i.BlueSerial_Init)
    BlueSerial_Printf                        0x08002085   Thumb Code    28  blueserial.o(i.BlueSerial_Printf)
    BlueSerial_Put                           0x080020a1   Thumb Code    48  blueserial.o(i.BlueSerial_Put)
    BlueSerial_Read                          0x080020d9   Thumb Code    22  blueserial.o(i.BlueSerial_Read)
    BlueSerial_Receive                       0x080020f9   Thumb Code   178  blueserial.o(i.BlueSerial_Receive)
    BlueSerial_ReceiveFlag                   0x080021b5   Thumb Code    76  blueserial.o(i.BlueSerial_ReceiveFlag)
    BlueSerial_SendString                    0x08002205   Thumb Code    26  blueserial.o(i.BlueSerial_SendString)
    BusFault_Handler                         0x08002225   Thumb Code     2  stm32f1xx_it_1.o(i.BusFault_Handler)
    DebugMode                                0x08002229   Thumb Code    80  debugmode.o(i.DebugMode)
    DebugMon_Handler                         0x080022a9   Thumb Code     2  stm32f1xx_it_1.o(i.DebugMon_Handler)
    Encoder_Get                              0x080022ad   Thumb Code    30  encoder.o(i.Encoder_Get)
    Error_Handler                            0x080022d5   Thumb Code     4  main.o(i.Error_Handler)
    FLASH_PageErase                          0x080022fd   Thumb Code    28  stm32f1xx_hal_flash_ex.o(i.FLASH_PageErase)
    FLASH_WaitForLastOperation               0x08002399   Thumb Code    80  stm32f1xx_hal_flash.o(i.FLASH_WaitForLastOperation)
    HAL_DMA_Abort                            0x080023ed   Thumb Code    70  stm32f1xx_hal_dma.o(i.HAL_DMA_Abort)
    HAL_DMA_Abort_IT                         0x08002435   Thumb Code   148  stm32f1xx_hal_dma.o(i.HAL_DMA_Abort_IT)
    HAL_Delay                                0x080024cd   Thumb Code    32  stm32f1xx_hal.o(i.HAL_Delay)
    HAL_FLASHEx_Erase                        0x080024f1   Thumb Code   160  stm32f1xx_hal_flash_ex.o(i.HAL_FLASHEx_Erase)
    HAL_FLASH_Lock                           0x08002599   Thumb Code    14  stm32f1xx_hal_flash.o(i.HAL_FLASH_Lock)
    HAL_FLASH_Program                        0x080025ad   Thumb Code   120  stm32f1xx_hal_flash.o(i.HAL_FLASH_Program)
    HAL_FLASH_Unlock                         0x0800262d   Thumb Code    28  stm32f1xx_hal_flash.o(i.HAL_FLASH_Unlock)
    HAL_GPIO_Init                            0x08002655   Thumb Code   446  stm32f1xx_hal_gpio.o(i.HAL_GPIO_Init)
    HAL_GPIO_ReadPin                         0x08002835   Thumb Code    10  stm32f1xx_hal_gpio.o(i.HAL_GPIO_ReadPin)
    HAL_GPIO_WritePin                        0x0800283f   Thumb Code    10  stm32f1xx_hal_gpio.o(i.HAL_GPIO_WritePin)
    HAL_GetTick                              0x08002849   Thumb Code     6  stm32f1xx_hal.o(i.HAL_GetTick)
    HAL_I2C_Init                             0x08002855   Thumb Code   376  stm32f1xx_hal_i2c.o(i.HAL_I2C_Init)
    HAL_I2C_Mem_Read                         0x080029dd   Thumb Code   586  stm32f1xx_hal_i2c.o(i.HAL_I2C_Mem_Read)
    HAL_I2C_Mem_Write                        0x08002c39   Thumb Code   294  stm32f1xx_hal_i2c.o(i.HAL_I2C_Mem_Write)
    HAL_I2C_MspInit                          0x08002d69   Thumb Code    82  i2c.o(i.HAL_I2C_MspInit)
    HAL_IncTick                              0x08002dc9   Thumb Code    12  stm32f1xx_hal.o(i.HAL_IncTick)
    HAL_Init                                 0x08002dd9   Thumb Code    32  stm32f1xx_hal.o(i.HAL_Init)
    HAL_InitTick                             0x08002dfd   Thumb Code    54  stm32f1xx_hal.o(i.HAL_InitTick)
    HAL_MspInit                              0x08002e3d   Thumb Code    58  stm32f1xx_hal_msp.o(i.HAL_MspInit)
    HAL_NVIC_EnableIRQ                       0x08002e81   Thumb Code    26  stm32f1xx_hal_cortex.o(i.HAL_NVIC_EnableIRQ)
    HAL_NVIC_SetPriority                     0x08002e9d   Thumb Code    60  stm32f1xx_hal_cortex.o(i.HAL_NVIC_SetPriority)
    HAL_NVIC_SetPriorityGrouping             0x08002edd   Thumb Code    26  stm32f1xx_hal_cortex.o(i.HAL_NVIC_SetPriorityGrouping)
    HAL_RCC_ClockConfig                      0x08002f01   Thumb Code   280  stm32f1xx_hal_rcc.o(i.HAL_RCC_ClockConfig)
    HAL_RCC_GetPCLK1Freq                     0x0800302d   Thumb Code    20  stm32f1xx_hal_rcc.o(i.HAL_RCC_GetPCLK1Freq)
    HAL_RCC_GetPCLK2Freq                     0x0800304d   Thumb Code    20  stm32f1xx_hal_rcc.o(i.HAL_RCC_GetPCLK2Freq)
    HAL_RCC_GetSysClockFreq                  0x0800306d   Thumb Code    58  stm32f1xx_hal_rcc.o(i.HAL_RCC_GetSysClockFreq)
    HAL_RCC_OscConfig                        0x080030b9   Thumb Code   778  stm32f1xx_hal_rcc.o(i.HAL_RCC_OscConfig)
    HAL_SYSTICK_Config                       0x080033d9   Thumb Code    40  stm32f1xx_hal_cortex.o(i.HAL_SYSTICK_Config)
    HAL_TIMEx_BreakCallback                  0x08003401   Thumb Code     2  stm32f1xx_hal_tim_ex.o(i.HAL_TIMEx_BreakCallback)
    HAL_TIMEx_CommutCallback                 0x08003403   Thumb Code     2  stm32f1xx_hal_tim_ex.o(i.HAL_TIMEx_CommutCallback)
    HAL_TIMEx_MasterConfigSynchronization    0x08003405   Thumb Code    92  stm32f1xx_hal_tim_ex.o(i.HAL_TIMEx_MasterConfigSynchronization)
    HAL_TIM_Base_Init                        0x0800346d   Thumb Code    90  stm32f1xx_hal_tim.o(i.HAL_TIM_Base_Init)
    HAL_TIM_Base_MspInit                     0x080034c9   Thumb Code    50  tim.o(i.HAL_TIM_Base_MspInit)
    HAL_TIM_Base_Start_IT                    0x08003505   Thumb Code    76  stm32f1xx_hal_tim.o(i.HAL_TIM_Base_Start_IT)
    HAL_TIM_ConfigClockSource                0x0800355d   Thumb Code   220  stm32f1xx_hal_tim.o(i.HAL_TIM_ConfigClockSource)
    HAL_TIM_Encoder_Init                     0x08003639   Thumb Code   164  stm32f1xx_hal_tim.o(i.HAL_TIM_Encoder_Init)
    HAL_TIM_Encoder_MspInit                  0x080036dd   Thumb Code   118  tim.o(i.HAL_TIM_Encoder_MspInit)
    HAL_TIM_Encoder_Start                    0x08003769   Thumb Code   142  stm32f1xx_hal_tim.o(i.HAL_TIM_Encoder_Start)
    HAL_TIM_IC_CaptureCallback               0x080037f7   Thumb Code     2  stm32f1xx_hal_tim.o(i.HAL_TIM_IC_CaptureCallback)
    HAL_TIM_IRQHandler                       0x080037f9   Thumb Code   304  stm32f1xx_hal_tim.o(i.HAL_TIM_IRQHandler)
    HAL_TIM_MspPostInit                      0x08003929   Thumb Code    62  tim.o(i.HAL_TIM_MspPostInit)
    HAL_TIM_OC_DelayElapsedCallback          0x08003971   Thumb Code     2  stm32f1xx_hal_tim.o(i.HAL_TIM_OC_DelayElapsedCallback)
    HAL_TIM_PWM_ConfigChannel                0x08003973   Thumb Code   204  stm32f1xx_hal_tim.o(i.HAL_TIM_PWM_ConfigChannel)
    HAL_TIM_PWM_Init                         0x08003a3f   Thumb Code    90  stm32f1xx_hal_tim.o(i.HAL_TIM_PWM_Init)
    HAL_TIM_PWM_MspInit                      0x08003a99   Thumb Code    30  tim.o(i.HAL_TIM_PWM_MspInit)
    HAL_TIM_PWM_PulseFinishedCallback        0x08003abd   Thumb Code     2  stm32f1xx_hal_tim.o(i.HAL_TIM_PWM_PulseFinishedCallback)
    HAL_TIM_PWM_Start                        0x08003ac1   Thumb Code   144  stm32f1xx_hal_tim.o(i.HAL_TIM_PWM_Start)
    HAL_TIM_PeriodElapsedCallback            0x08003b5d   Thumb Code    14  balance.o(i.HAL_TIM_PeriodElapsedCallback)
    HAL_TIM_TriggerCallback                  0x08003b71   Thumb Code     2  stm32f1xx_hal_tim.o(i.HAL_TIM_TriggerCallback)
    HAL_UARTEx_RxEventCallback               0x08003b73   Thumb Code     2  stm32f1xx_hal_uart.o(i.HAL_UARTEx_RxEventCallback)
    HAL_UART_ErrorCallback                   0x08003b75   Thumb Code    26  blueserial.o(i.HAL_UART_ErrorCallback)
    HAL_UART_IRQHandler                      0x08003b9d   Thumb Code   616  stm32f1xx_hal_uart.o(i.HAL_UART_IRQHandler)
    HAL_UART_Init                            0x08003e09   Thumb Code   100  stm32f1xx_hal_uart.o(i.HAL_UART_Init)
    HAL_UART_MspInit                         0x08003e6d   Thumb Code   186  usart.o(i.HAL_UART_MspInit)
    HAL_UART_Receive_IT                      0x08003f39   Thumb Code    28  stm32f1xx_hal_uart.o(i.HAL_UART_Receive_IT)
    HAL_UART_RxCpltCallback                  0x08003f55   Thumb Code    34  blueserial.o(i.HAL_UART_RxCpltCallback)
    HAL_UART_Transmit                        0x08003f85   Thumb Code   160  stm32f1xx_hal_uart.o(i.HAL_UART_Transmit)
    HAL_UART_TxCpltCallback                  0x08004025   Thumb Code     2  stm32f1xx_hal_uart.o(i.HAL_UART_TxCpltCallback)
    HardFault_Handler                        0x08004027   Thumb Code     2  stm32f1xx_it_1.o(i.HardFault_Handler)
    Key_Check                                0x08004469   Thumb Code    26  key.o(i.Key_Check)
    Key_Clear                                0x08004489   Thumb Code    18  key.o(i.Key_Clear)
    Key_GetState                             0x080044a1   Thumb Code    52  key.o(i.Key_GetState)
    Key_Init                                 0x080044dd   Thumb Code     4  key.o(i.Key_Init)
    Key_Tick                                 0x080044e1   Thumb Code   326  key.o(i.Key_Tick)
    MPU6050_GetData                          0x0800462d   Thumb Code   102  mpu6050.o(i.MPU6050_GetData)
    MPU6050_Init                             0x08004693   Thumb Code    74  mpu6050.o(i.MPU6050_Init)
    MX_GPIO_Init                             0x080046f9   Thumb Code   296  gpio.o(i.MX_GPIO_Init)
    MX_I2C2_Init                             0x08004831   Thumb Code    50  i2c.o(i.MX_I2C2_Init)
    MX_TIM1_Init                             0x08004871   Thumb Code    96  tim.o(i.MX_TIM1_Init)
    MX_TIM2_Init                             0x080048d9   Thumb Code   120  tim.o(i.MX_TIM2_Init)
    MX_TIM3_Init                             0x08004955   Thumb Code   100  tim.o(i.MX_TIM3_Init)
    MX_TIM4_Init                             0x080049c1   Thumb Code   102  tim.o(i.MX_TIM4_Init)
    MX_USART1_UART_Init                      0x08004a31   Thumb Code    48  usart.o(i.MX_USART1_UART_Init)
    MX_USART2_UART_Init                      0x08004a69   Thumb Code    48  usart.o(i.MX_USART2_UART_Init)
    MemManage_Handler                        0x08004aa1   Thumb Code     2  stm32f1xx_it_1.o(i.MemManage_Handler)
    Motor_SetPWM                             0x08004aa5   Thumb Code   176  motor.o(i.Motor_SetPWM)
    MyFLASH_ErasePage                        0x08004b59   Thumb Code    36  myflash.o(i.MyFLASH_ErasePage)
    MyFLASH_ProgramHalfWord                  0x08004b7d   Thumb Code    30  myflash.o(i.MyFLASH_ProgramHalfWord)
    NMI_Handler                              0x08004b9b   Thumb Code     2  stm32f1xx_it_1.o(i.NMI_Handler)
    OLED_Clear                               0x08004b9d   Thumb Code    38  oled.o(i.OLED_Clear)
    OLED_I2C_Init                            0x08004bd5   Thumb Code    86  oled.o(i.OLED_I2C_Init)
    OLED_I2C_SendByte                        0x08004c35   Thumb Code   124  oled.o(i.OLED_I2C_SendByte)
    OLED_I2C_Start                           0x08004cb5   Thumb Code    64  oled.o(i.OLED_I2C_Start)
    OLED_I2C_Stop                            0x08004cf9   Thumb Code    54  oled.o(i.OLED_I2C_Stop)
    OLED_Init                                0x08004d35   Thumb Code   158  oled.o(i.OLED_Init)
    OLED_Pow                                 0x08004dd3   Thumb Code    14  oled.o(i.OLED_Pow)
    OLED_SetCursor                           0x08004de1   Thumb Code    34  oled.o(i.OLED_SetCursor)
    OLED_ShowChar                            0x08004e05   Thumb Code    98  oled.o(i.OLED_ShowChar)
    OLED_ShowFloat                           0x08004e6d   Thumb Code   280  oled.o(i.OLED_ShowFloat)
    OLED_ShowString                          0x08004f89   Thumb Code    38  oled.o(i.OLED_ShowString)
    OLED_WriteCommand                        0x08004faf   Thumb Code    34  oled.o(i.OLED_WriteCommand)
    OLED_WriteData                           0x08004fd1   Thumb Code    34  oled.o(i.OLED_WriteData)
    PID_Init                                 0x08004ff3   Thumb Code    22  pid.o(i.PID_Init)
    PID_Update                               0x08005009   Thumb Code   216  pid.o(i.PID_Update)
    PWM_SetCompare1                          0x080050e1   Thumb Code     8  pwm.o(i.PWM_SetCompare1)
    PWM_SetCompare2                          0x080050ed   Thumb Code     8  pwm.o(i.PWM_SetCompare2)
    PendSV_Handler                           0x080050f9   Thumb Code     2  stm32f1xx_it_1.o(i.PendSV_Handler)
    SVC_Handler                              0x080050fb   Thumb Code     2  stm32f1xx_it_1.o(i.SVC_Handler)
    SaveParam                                0x080050fd   Thumb Code    28  debugmode.o(i.SaveParam)
    SensorCalibration                        0x08005129   Thumb Code   440  debugmode.o(i.SensorCalibration)
    Serial_Printf                            0x0800537d   Thumb Code    28  serial.o(i.Serial_Printf)
    Serial_SendString                        0x08005399   Thumb Code    26  serial.o(i.Serial_SendString)
    Store_Save                               0x080053b9   Thumb Code    44  store.o(i.Store_Save)
    SysTick_Handler                          0x080053ed   Thumb Code     4  stm32f1xx_it_1.o(i.SysTick_Handler)
    SystemClock_Config                       0x080053f1   Thumb Code    94  main.o(i.SystemClock_Config)
    SystemInit                               0x0800544f   Thumb Code     2  system_stm32f1xx_1.o(i.SystemInit)
    TIM1_UP_IRQHandler                       0x08005451   Thumb Code     6  stm32f1xx_it_1.o(i.TIM1_UP_IRQHandler)
    TIM_Base_SetConfig                       0x0800545d   Thumb Code   108  stm32f1xx_hal_tim.o(i.TIM_Base_SetConfig)
    TIM_CCxChannelCmd                        0x080054d5   Thumb Code    26  stm32f1xx_hal_tim.o(i.TIM_CCxChannelCmd)
    TIM_ETR_SetConfig                        0x080054ef   Thumb Code    20  stm32f1xx_hal_tim.o(i.TIM_ETR_SetConfig)
    TIM_OC2_SetConfig                        0x08005565   Thumb Code    84  stm32f1xx_hal_tim.o(i.TIM_OC2_SetConfig)
    UART_Start_Receive_IT                    0x08005879   Thumb Code    54  stm32f1xx_hal_uart.o(i.UART_Start_Receive_IT)
    USART2_IRQHandler                        0x08005921   Thumb Code     6  stm32f1xx_it_1.o(i.USART2_IRQHandler)
    UsageFault_Handler                       0x0800592d   Thumb Code     2  stm32f1xx_it_1.o(i.UsageFault_Handler)
    __ARM_fpclassify                         0x0800592f   Thumb Code    40  fpclassify.o(i.__ARM_fpclassify)
    __kernel_poly                            0x08005977   Thumb Code   170  poly.o(i.__kernel_poly)
    __mathlib_dbl_infnan                     0x08005a21   Thumb Code     6  dunder.o(i.__mathlib_dbl_infnan)
    __mathlib_dbl_infnan2                    0x08005a27   Thumb Code     4  dunder.o(i.__mathlib_dbl_infnan2)
    __mathlib_dbl_underflow                  0x08005a2d   Thumb Code    10  dunder.o(i.__mathlib_dbl_underflow)
    _is_digit                                0x08005a3d   Thumb Code    14  __printf_wp.o(i._is_digit)
    accelerate                               0x08005a4d   Thumb Code    30  debugmode.o(i.accelerate)
    atan                                     0x08005a81   Thumb Code   474  atan.o(i.atan)
    atan2                                    0x08005ca1   Thumb Code   346  atan2.o(i.atan2)
    decelerate                               0x08005e21   Thumb Code    30  debugmode.o(i.decelerate)
    main                                     0x08005e55   Thumb Code   698  main.o(i.main)
    _get_lc_ctype                            0x080061e5   Thumb Code    44  lc_ctype_c.o(locale$$code)
    _get_lc_numeric                          0x08006211   Thumb Code    44  lc_numeric_c.o(locale$$code)
    __aeabi_d2f                              0x0800623d   Thumb Code     0  d2f.o(x$fpl$d2f)
    _d2f                                     0x0800623d   Thumb Code    98  d2f.o(x$fpl$d2f)
    __aeabi_dadd                             0x080062a1   Thumb Code     0  daddsub_clz.o(x$fpl$dadd)
    _dadd                                    0x080062a1   Thumb Code   332  daddsub_clz.o(x$fpl$dadd)
    __fpl_dcheck_NaN1                        0x080063f1   Thumb Code    10  dcheck1.o(x$fpl$dcheck1)
    __fpl_dcmp_Inf                           0x08006401   Thumb Code    24  dcmpi.o(x$fpl$dcmpinf)
    __aeabi_ddiv                             0x08006419   Thumb Code     0  ddiv.o(x$fpl$ddiv)
    _ddiv                                    0x08006419   Thumb Code   552  ddiv.o(x$fpl$ddiv)
    __aeabi_d2iz                             0x080066c9   Thumb Code     0  dfix.o(x$fpl$dfix)
    _dfix                                    0x080066c9   Thumb Code    94  dfix.o(x$fpl$dfix)
    __aeabi_d2uiz                            0x08006729   Thumb Code     0  dfixu.o(x$fpl$dfixu)
    _dfixu                                   0x08006729   Thumb Code    90  dfixu.o(x$fpl$dfixu)
    __aeabi_i2d                              0x08006783   Thumb Code     0  dflt_clz.o(x$fpl$dflt)
    _dflt                                    0x08006783   Thumb Code    46  dflt_clz.o(x$fpl$dflt)
    __aeabi_ui2d                             0x080067b1   Thumb Code     0  dflt_clz.o(x$fpl$dfltu)
    _dfltu                                   0x080067b1   Thumb Code    38  dflt_clz.o(x$fpl$dfltu)
    __aeabi_cdcmple                          0x080067d9   Thumb Code     0  dleqf.o(x$fpl$dleqf)
    _dcmple                                  0x080067d9   Thumb Code   120  dleqf.o(x$fpl$dleqf)
    __fpl_dcmple_InfNaN                      0x0800683b   Thumb Code     0  dleqf.o(x$fpl$dleqf)
    __aeabi_dmul                             0x08006851   Thumb Code     0  dmul.o(x$fpl$dmul)
    _dmul                                    0x08006851   Thumb Code   332  dmul.o(x$fpl$dmul)
    __fpl_dnaninf                            0x080069a5   Thumb Code   156  dnaninf.o(x$fpl$dnaninf)
    __fpl_dretinf                            0x08006a41   Thumb Code    12  dretinf.o(x$fpl$dretinf)
    __aeabi_cdrcmple                         0x08006a4d   Thumb Code     0  drleqf.o(x$fpl$drleqf)
    _drcmple                                 0x08006a4d   Thumb Code   108  drleqf.o(x$fpl$drleqf)
    __aeabi_drsub                            0x08006ab9   Thumb Code     0  daddsub_clz.o(x$fpl$drsb)
    _drsb                                    0x08006ab9   Thumb Code    22  daddsub_clz.o(x$fpl$drsb)
    __aeabi_dsub                             0x08006ad1   Thumb Code     0  daddsub_clz.o(x$fpl$dsub)
    _dsub                                    0x08006ad1   Thumb Code   464  daddsub_clz.o(x$fpl$dsub)
    __aeabi_f2d                              0x08006ca5   Thumb Code     0  f2d.o(x$fpl$f2d)
    _f2d                                     0x08006ca5   Thumb Code    86  f2d.o(x$fpl$f2d)
    __aeabi_fadd                             0x08006cfd   Thumb Code     0  faddsub_clz.o(x$fpl$fadd)
    _fadd                                    0x08006cfd   Thumb Code   196  faddsub_clz.o(x$fpl$fadd)
    __fpl_fcheck_NaN1                        0x08006dc1   Thumb Code     6  fcheck1.o(x$fpl$fcheck1)
    __fpl_fcmp_Inf                           0x08006dcd   Thumb Code    24  fcmpi.o(x$fpl$fcmpinf)
    __aeabi_fdiv                             0x08006de5   Thumb Code     0  fdiv.o(x$fpl$fdiv)
    _fdiv                                    0x08006de5   Thumb Code   384  fdiv.o(x$fpl$fdiv)
    __aeabi_f2iz                             0x08006f69   Thumb Code     0  ffix.o(x$fpl$ffix)
    _ffix                                    0x08006f69   Thumb Code    54  ffix.o(x$fpl$ffix)
    __aeabi_i2f                              0x08006fa1   Thumb Code     0  fflt_clz.o(x$fpl$fflt)
    _fflt                                    0x08006fa1   Thumb Code    48  fflt_clz.o(x$fpl$fflt)
    __aeabi_cfcmple                          0x08006fd1   Thumb Code     0  fleqf.o(x$fpl$fleqf)
    _fcmple                                  0x08006fd1   Thumb Code   104  fleqf.o(x$fpl$fleqf)
    __fpl_fcmple_InfNaN                      0x08007023   Thumb Code     0  fleqf.o(x$fpl$fleqf)
    __aeabi_fmul                             0x08007039   Thumb Code     0  fmul.o(x$fpl$fmul)
    _fmul                                    0x08007039   Thumb Code   258  fmul.o(x$fpl$fmul)
    __fpl_fnaninf                            0x0800713b   Thumb Code   140  fnaninf.o(x$fpl$fnaninf)
    __fpl_fretinf                            0x080071c7   Thumb Code    10  fretinf.o(x$fpl$fretinf)
    __aeabi_cfrcmple                         0x080071d1   Thumb Code     0  frleqf.o(x$fpl$frleqf)
    _frcmple                                 0x080071d1   Thumb Code    98  frleqf.o(x$fpl$frleqf)
    __aeabi_frsub                            0x08007233   Thumb Code     0  faddsub_clz.o(x$fpl$frsb)
    _frsb                                    0x08007233   Thumb Code    20  faddsub_clz.o(x$fpl$frsb)
    __aeabi_fsub                             0x08007249   Thumb Code     0  faddsub_clz.o(x$fpl$fsub)
    _fsub                                    0x08007249   Thumb Code   234  faddsub_clz.o(x$fpl$fsub)
    _printf_fp_dec                           0x08007333   Thumb Code     4  printf1.o(x$fpl$printf1)
    _printf_fp_hex                           0x08007337   Thumb Code     4  printf2.o(x$fpl$printf2)
    __fpl_return_NaN                         0x0800733b   Thumb Code   100  retnan.o(x$fpl$retnan)
    __ARM_scalbn                             0x0800739f   Thumb Code    92  scalbn.o(x$fpl$scalbn)
    __ARM_scalbnf                            0x080073fb   Thumb Code    76  scalbnf.o(x$fpl$scalbnf)
    __fpl_cmpreturn                          0x08007447   Thumb Code    48  trapv.o(x$fpl$trapveneer)
    __I$use$fp                               0x08007476   Number         0  usenofp.o(x$fpl$usenofp)
    AHBPrescTable                            0x08007488   Data          16  system_stm32f1xx_1.o(.constdata)
    APBPrescTable                            0x08007498   Data           8  system_stm32f1xx_1.o(.constdata)
    OLED_F8x16                               0x080074a0   Data        1520  oled.o(.constdata)
    __mathlib_zero                           0x08007b70   Data           8  qnan.o(.constdata)
    Region$$Table$$Base                      0x08007c34   Number         0  anon$$obj.o(Region$$Table)
    Region$$Table$$Limit                     0x08007c54   Number         0  anon$$obj.o(Region$$Table)
    __ctype                                  0x08007c61   Data           0  lc_ctype_c.o(locale$$data)
    SpeedLevel                               0x20000000   Data           2  balance.o(.data)
    RunFlag                                  0x20000004   Data           1  balance.o(.data)
    RunFlagUpdate                            0x20000005   Data           1  balance.o(.data)
    AX                                       0x2000000e   Data           2  balance.o(.data)
    AY                                       0x20000010   Data           2  balance.o(.data)
    AZ                                       0x20000012   Data           2  balance.o(.data)
    GX                                       0x20000014   Data           2  balance.o(.data)
    GY                                       0x20000016   Data           2  balance.o(.data)
    GZ                                       0x20000018   Data           2  balance.o(.data)
    GY_Offset                                0x2000001a   Data           2  balance.o(.data)
    GY_Cali                                  0x2000001c   Data           2  balance.o(.data)
    PWML                                     0x2000001e   Data           2  balance.o(.data)
    PWMR                                     0x20000020   Data           2  balance.o(.data)
    AngleAcc                                 0x20000024   Data           4  balance.o(.data)
    AngleAcc_Offset                          0x20000028   Data           4  balance.o(.data)
    AngleAcc_Cali                            0x2000002c   Data           4  balance.o(.data)
    AngleAcc_Filter                          0x20000030   Data           4  balance.o(.data)
    AngleDelta                               0x20000034   Data           4  balance.o(.data)
    Angle                                    0x20000038   Data           4  balance.o(.data)
    SpeedLeft                                0x2000003c   Data           4  balance.o(.data)
    SpeedRight                               0x20000040   Data           4  balance.o(.data)
    AveSpeed                                 0x20000044   Data           4  balance.o(.data)
    DifSpeed                                 0x20000048   Data           4  balance.o(.data)
    AvePWM                                   0x2000004c   Data           4  balance.o(.data)
    DifPWM                                   0x20000050   Data           4  balance.o(.data)
    AnglePID                                 0x20000054   Data          60  balance.o(.data)
    SpeedPID                                 0x20000090   Data          60  balance.o(.data)
    TurnPID                                  0x200000cc   Data          60  balance.o(.data)
    DebugFlag                                0x20000108   Data           1  balance.o(.data)
    uwTickFreq                               0x20000110   Data           1  stm32f1xx_hal.o(.data)
    uwTickPrio                               0x20000114   Data           4  stm32f1xx_hal.o(.data)
    uwTick                                   0x20000118   Data           4  stm32f1xx_hal.o(.data)
    SystemCoreClock                          0x2000011c   Data           4  system_stm32f1xx_1.o(.data)
    Key_Flag                                 0x2000012e   Data           4  key.o(.data)
    BlueSerial_RxData                        0x2000013a   Data           1  blueserial.o(.data)
    BlueSerial_PutIndex                      0x2000013c   Data           2  blueserial.o(.data)
    BlueSerial_GetIndex                      0x2000013e   Data           2  blueserial.o(.data)
    BlueSerial_RxCount                       0x20000140   Data           2  blueserial.o(.data)
    hi2c2                                    0x20000144   Data          84  i2c.o(.bss)
    htim1                                    0x20000198   Data          72  tim.o(.bss)
    htim2                                    0x200001e0   Data          72  tim.o(.bss)
    htim3                                    0x20000228   Data          72  tim.o(.bss)
    htim4                                    0x20000270   Data          72  tim.o(.bss)
    huart1                                   0x200002b8   Data          72  usart.o(.bss)
    huart2                                   0x20000300   Data          72  usart.o(.bss)
    pFlash                                   0x20000348   Data          32  stm32f1xx_hal_flash.o(.bss)
    BlueSerial_Buffer                        0x20000368   Data         100  blueserial.o(.bss)
    BlueSerial_String                        0x200003cc   Data         100  blueserial.o(.bss)
    BlueSerial_StringArray                   0x20000430   Data         120  blueserial.o(.bss)
    Store_Data                               0x200004a8   Data        1024  store.o(.bss)
    __libspace_start                         0x200008a8   Data          96  libspace.o(.bss)
    __temporary_stack_top$libspace           0x20000908   Data           0  libspace.o(.bss)



==============================================================================

Memory Map of the image

  Image Entry point : 0x080000ed

  Load Region LR_IROM1 (Base: 0x08000000, Size: 0x00007ec4, Max: 0x00010000, ABSOLUTE, COMPRESSED[0x00007db0])

    Execution Region ER_IROM1 (Exec base: 0x08000000, Load base: 0x08000000, Size: 0x00007d80, Max: 0x00010000, ABSOLUTE)

    Exec Addr    Load Addr    Size         Type   Attr      Idx    E Section Name        Object

    0x08000000   0x08000000   0x000000ec   Data   RO            3    RESET               startup_stm32f103xb.o
    0x080000ec   0x080000ec   0x00000008   Code   RO         4137  * !!!main             c_w.l(__main.o)
    0x080000f4   0x080000f4   0x00000034   Code   RO         4590    !!!scatter          c_w.l(__scatter.o)
    0x08000128   0x08000128   0x0000003a   Code   RO         4588    !!dczerorl          c_w.l(__dczerorl.o)
    0x08000162   0x08000162   0x00000002   PAD
    0x08000164   0x08000164   0x0000001c   Code   RO         4592    !!handler_zi        c_w.l(__scatter_zi.o)
    0x08000180   0x08000180   0x00000000   Code   RO         4298    .ARM.Collect$$_printf_percent$$00000000  c_w.l(_printf_percent.o)
    0x08000180   0x08000180   0x00000006   Code   RO         4287    .ARM.Collect$$_printf_percent$$00000001  c_w.l(_printf_n.o)
    0x08000186   0x08000186   0x00000006   Code   RO         4289    .ARM.Collect$$_printf_percent$$00000002  c_w.l(_printf_p.o)
    0x0800018c   0x0800018c   0x00000006   Code   RO         4294    .ARM.Collect$$_printf_percent$$00000003  c_w.l(_printf_f.o)
    0x08000192   0x08000192   0x00000006   Code   RO         4295    .ARM.Collect$$_printf_percent$$00000004  c_w.l(_printf_e.o)
    0x08000198   0x08000198   0x00000006   Code   RO         4296    .ARM.Collect$$_printf_percent$$00000005  c_w.l(_printf_g.o)
    0x0800019e   0x0800019e   0x00000006   Code   RO         4297    .ARM.Collect$$_printf_percent$$00000006  c_w.l(_printf_a.o)
    0x080001a4   0x080001a4   0x0000000a   Code   RO         4302    .ARM.Collect$$_printf_percent$$00000007  c_w.l(_printf_ll.o)
    0x080001ae   0x080001ae   0x00000006   Code   RO         4291    .ARM.Collect$$_printf_percent$$00000008  c_w.l(_printf_i.o)
    0x080001b4   0x080001b4   0x00000006   Code   RO         4292    .ARM.Collect$$_printf_percent$$00000009  c_w.l(_printf_d.o)
    0x080001ba   0x080001ba   0x00000006   Code   RO         4293    .ARM.Collect$$_printf_percent$$0000000A  c_w.l(_printf_u.o)
    0x080001c0   0x080001c0   0x00000006   Code   RO         4290    .ARM.Collect$$_printf_percent$$0000000B  c_w.l(_printf_o.o)
    0x080001c6   0x080001c6   0x00000006   Code   RO         4288    .ARM.Collect$$_printf_percent$$0000000C  c_w.l(_printf_x.o)
    0x080001cc   0x080001cc   0x00000006   Code   RO         4299    .ARM.Collect$$_printf_percent$$0000000D  c_w.l(_printf_lli.o)
    0x080001d2   0x080001d2   0x00000006   Code   RO         4300    .ARM.Collect$$_printf_percent$$0000000E  c_w.l(_printf_lld.o)
    0x080001d8   0x080001d8   0x00000006   Code   RO         4301    .ARM.Collect$$_printf_percent$$0000000F  c_w.l(_printf_llu.o)
    0x080001de   0x080001de   0x00000006   Code   RO         4306    .ARM.Collect$$_printf_percent$$00000010  c_w.l(_printf_llo.o)
    0x080001e4   0x080001e4   0x00000006   Code   RO         4307    .ARM.Collect$$_printf_percent$$00000011  c_w.l(_printf_llx.o)
    0x080001ea   0x080001ea   0x0000000a   Code   RO         4303    .ARM.Collect$$_printf_percent$$00000012  c_w.l(_printf_l.o)
    0x080001f4   0x080001f4   0x00000006   Code   RO         4285    .ARM.Collect$$_printf_percent$$00000013  c_w.l(_printf_c.o)
    0x080001fa   0x080001fa   0x00000006   Code   RO         4286    .ARM.Collect$$_printf_percent$$00000014  c_w.l(_printf_s.o)
    0x08000200   0x08000200   0x00000006   Code   RO         4304    .ARM.Collect$$_printf_percent$$00000015  c_w.l(_printf_lc.o)
    0x08000206   0x08000206   0x00000006   Code   RO         4305    .ARM.Collect$$_printf_percent$$00000016  c_w.l(_printf_ls.o)
    0x0800020c   0x0800020c   0x00000004   Code   RO         4395    .ARM.Collect$$_printf_percent$$00000017  c_w.l(_printf_percent_end.o)
    0x08000210   0x08000210   0x00000002   Code   RO         4457    .ARM.Collect$$libinit$$00000000  c_w.l(libinit.o)
    0x08000212   0x08000212   0x00000000   Code   RO         4465    .ARM.Collect$$libinit$$00000002  c_w.l(libinit2.o)
    0x08000212   0x08000212   0x00000000   Code   RO         4467    .ARM.Collect$$libinit$$00000004  c_w.l(libinit2.o)
    0x08000212   0x08000212   0x00000000   Code   RO         4470    .ARM.Collect$$libinit$$0000000A  c_w.l(libinit2.o)
    0x08000212   0x08000212   0x00000000   Code   RO         4472    .ARM.Collect$$libinit$$0000000C  c_w.l(libinit2.o)
    0x08000212   0x08000212   0x00000000   Code   RO         4474    .ARM.Collect$$libinit$$0000000E  c_w.l(libinit2.o)
    0x08000212   0x08000212   0x00000006   Code   RO         4475    .ARM.Collect$$libinit$$0000000F  c_w.l(libinit2.o)
    0x08000218   0x08000218   0x00000000   Code   RO         4477    .ARM.Collect$$libinit$$00000011  c_w.l(libinit2.o)
    0x08000218   0x08000218   0x0000000c   Code   RO         4478    .ARM.Collect$$libinit$$00000012  c_w.l(libinit2.o)
    0x08000224   0x08000224   0x00000000   Code   RO         4479    .ARM.Collect$$libinit$$00000013  c_w.l(libinit2.o)
    0x08000224   0x08000224   0x00000000   Code   RO         4481    .ARM.Collect$$libinit$$00000015  c_w.l(libinit2.o)
    0x08000224   0x08000224   0x0000000a   Code   RO         4482    .ARM.Collect$$libinit$$00000016  c_w.l(libinit2.o)
    0x0800022e   0x0800022e   0x00000000   Code   RO         4483    .ARM.Collect$$libinit$$00000017  c_w.l(libinit2.o)
    0x0800022e   0x0800022e   0x00000000   Code   RO         4485    .ARM.Collect$$libinit$$00000019  c_w.l(libinit2.o)
    0x0800022e   0x0800022e   0x00000000   Code   RO         4487    .ARM.Collect$$libinit$$0000001B  c_w.l(libinit2.o)
    0x0800022e   0x0800022e   0x00000000   Code   RO         4489    .ARM.Collect$$libinit$$0000001D  c_w.l(libinit2.o)
    0x0800022e   0x0800022e   0x00000000   Code   RO         4491    .ARM.Collect$$libinit$$0000001F  c_w.l(libinit2.o)
    0x0800022e   0x0800022e   0x00000000   Code   RO         4493    .ARM.Collect$$libinit$$00000021  c_w.l(libinit2.o)
    0x0800022e   0x0800022e   0x00000000   Code   RO         4495    .ARM.Collect$$libinit$$00000023  c_w.l(libinit2.o)
    0x0800022e   0x0800022e   0x00000000   Code   RO         4497    .ARM.Collect$$libinit$$00000025  c_w.l(libinit2.o)
    0x0800022e   0x0800022e   0x00000000   Code   RO         4501    .ARM.Collect$$libinit$$0000002C  c_w.l(libinit2.o)
    0x0800022e   0x0800022e   0x00000000   Code   RO         4503    .ARM.Collect$$libinit$$0000002E  c_w.l(libinit2.o)
    0x0800022e   0x0800022e   0x00000000   Code   RO         4505    .ARM.Collect$$libinit$$00000030  c_w.l(libinit2.o)
    0x0800022e   0x0800022e   0x00000000   Code   RO         4507    .ARM.Collect$$libinit$$00000032  c_w.l(libinit2.o)
    0x0800022e   0x0800022e   0x00000002   Code   RO         4508    .ARM.Collect$$libinit$$00000033  c_w.l(libinit2.o)
    0x08000230   0x08000230   0x00000002   Code   RO         4528    .ARM.Collect$$libshutdown$$00000000  c_w.l(libshutdown.o)
    0x08000232   0x08000232   0x00000000   Code   RO         4541    .ARM.Collect$$libshutdown$$00000002  c_w.l(libshutdown2.o)
    0x08000232   0x08000232   0x00000000   Code   RO         4543    .ARM.Collect$$libshutdown$$00000004  c_w.l(libshutdown2.o)
    0x08000232   0x08000232   0x00000000   Code   RO         4546    .ARM.Collect$$libshutdown$$00000007  c_w.l(libshutdown2.o)
    0x08000232   0x08000232   0x00000000   Code   RO         4549    .ARM.Collect$$libshutdown$$0000000A  c_w.l(libshutdown2.o)
    0x08000232   0x08000232   0x00000000   Code   RO         4551    .ARM.Collect$$libshutdown$$0000000C  c_w.l(libshutdown2.o)
    0x08000232   0x08000232   0x00000000   Code   RO         4554    .ARM.Collect$$libshutdown$$0000000F  c_w.l(libshutdown2.o)
    0x08000232   0x08000232   0x00000002   Code   RO         4555    .ARM.Collect$$libshutdown$$00000010  c_w.l(libshutdown2.o)
    0x08000234   0x08000234   0x00000000   Code   RO         4209    .ARM.Collect$$rtentry$$00000000  c_w.l(__rtentry.o)
    0x08000234   0x08000234   0x00000000   Code   RO         4364    .ARM.Collect$$rtentry$$00000002  c_w.l(__rtentry2.o)
    0x08000234   0x08000234   0x00000006   Code   RO         4376    .ARM.Collect$$rtentry$$00000004  c_w.l(__rtentry4.o)
    0x0800023a   0x0800023a   0x00000000   Code   RO         4366    .ARM.Collect$$rtentry$$00000009  c_w.l(__rtentry2.o)
    0x0800023a   0x0800023a   0x00000004   Code   RO         4367    .ARM.Collect$$rtentry$$0000000A  c_w.l(__rtentry2.o)
    0x0800023e   0x0800023e   0x00000000   Code   RO         4369    .ARM.Collect$$rtentry$$0000000C  c_w.l(__rtentry2.o)
    0x0800023e   0x0800023e   0x00000008   Code   RO         4370    .ARM.Collect$$rtentry$$0000000D  c_w.l(__rtentry2.o)
    0x08000246   0x08000246   0x00000002   Code   RO         4462    .ARM.Collect$$rtexit$$00000000  c_w.l(rtexit.o)
    0x08000248   0x08000248   0x00000000   Code   RO         4510    .ARM.Collect$$rtexit$$00000002  c_w.l(rtexit2.o)
    0x08000248   0x08000248   0x00000004   Code   RO         4511    .ARM.Collect$$rtexit$$00000003  c_w.l(rtexit2.o)
    0x0800024c   0x0800024c   0x00000006   Code   RO         4512    .ARM.Collect$$rtexit$$00000004  c_w.l(rtexit2.o)
    0x08000252   0x08000252   0x00000002   PAD
    0x08000254   0x08000254   0x00000040   Code   RO            4    .text               startup_stm32f103xb.o
    0x08000294   0x08000294   0x00000026   Code   RO         4123    .text               c_w.l(llushr.o)
    0x080002ba   0x080002ba   0x00000002   PAD
    0x080002bc   0x080002bc   0x00000024   Code   RO         4125    .text               c_w.l(vsprintf.o)
    0x080002e0   0x080002e0   0x0000001a   Code   RO         4127    .text               c_w.l(atoi.o)
    0x080002fa   0x080002fa   0x0000003e   Code   RO         4129    .text               c_w.l(strlen.o)
    0x08000338   0x08000338   0x0000004e   Code   RO         4131    .text               c_w.l(rt_memclr_w.o)
    0x08000386   0x08000386   0x00000002   PAD
    0x08000388   0x08000388   0x00000080   Code   RO         4133    .text               c_w.l(strcmpv7m.o)
    0x08000408   0x08000408   0x00000006   Code   RO         4135    .text               c_w.l(heapauxi.o)
    0x0800040e   0x0800040e   0x00000002   PAD
    0x08000410   0x08000410   0x00000008   Code   RO         4213    .text               c_w.l(rt_errno_addr_intlibspace.o)
    0x08000418   0x08000418   0x0000004e   Code   RO         4219    .text               c_w.l(_printf_pad.o)
    0x08000466   0x08000466   0x00000024   Code   RO         4221    .text               c_w.l(_printf_truncate.o)
    0x0800048a   0x0800048a   0x00000052   Code   RO         4223    .text               c_w.l(_printf_str.o)
    0x080004dc   0x080004dc   0x00000078   Code   RO         4225    .text               c_w.l(_printf_dec.o)
    0x08000554   0x08000554   0x00000028   Code   RO         4227    .text               c_w.l(_printf_charcount.o)
    0x0800057c   0x0800057c   0x00000030   Code   RO         4229    .text               c_w.l(_printf_char_common.o)
    0x080005ac   0x080005ac   0x0000000a   Code   RO         4231    .text               c_w.l(_sputc.o)
    0x080005b6   0x080005b6   0x00000002   PAD
    0x080005b8   0x080005b8   0x000000bc   Code   RO         4233    .text               c_w.l(_printf_wctomb.o)
    0x08000674   0x08000674   0x0000007c   Code   RO         4236    .text               c_w.l(_printf_longlong_dec.o)
    0x080006f0   0x080006f0   0x00000070   Code   RO         4242    .text               c_w.l(_printf_oct_int_ll.o)
    0x08000760   0x08000760   0x00000094   Code   RO         4262    .text               c_w.l(_printf_hex_int_ll_ptr.o)
    0x080007f4   0x080007f4   0x00000188   Code   RO         4282    .text               c_w.l(__printf_flags_ss_wp.o)
    0x0800097c   0x0800097c   0x00000070   Code   RO         4308    .text               c_w.l(strtol.o)
    0x080009ec   0x080009ec   0x00000008   Code   RO         4360    .text               c_w.l(libspace.o)
    0x080009f4   0x080009f4   0x00000010   Code   RO         4378    .text               c_w.l(rt_ctype_table.o)
    0x08000a04   0x08000a04   0x0000008a   Code   RO         4380    .text               c_w.l(lludiv10.o)
    0x08000a8e   0x08000a8e   0x000000b2   Code   RO         4382    .text               c_w.l(_printf_intcommon.o)
    0x08000b40   0x08000b40   0x0000041e   Code   RO         4384    .text               c_w.l(_printf_fp_dec.o)
    0x08000f5e   0x08000f5e   0x00000002   PAD
    0x08000f60   0x08000f60   0x000002fc   Code   RO         4386    .text               c_w.l(_printf_fp_hex.o)
    0x0800125c   0x0800125c   0x0000002c   Code   RO         4391    .text               c_w.l(_printf_char.o)
    0x08001288   0x08001288   0x0000002c   Code   RO         4393    .text               c_w.l(_printf_wchar.o)
    0x080012b4   0x080012b4   0x0000009e   Code   RO         4396    .text               c_w.l(_strtoul.o)
    0x08001352   0x08001352   0x00000040   Code   RO         4398    .text               c_w.l(_wcrtomb.o)
    0x08001392   0x08001392   0x0000004a   Code   RO         4408    .text               c_w.l(sys_stackheap_outer.o)
    0x080013dc   0x080013dc   0x00000008   Code   RO         4413    .text               c_w.l(rt_locale_intlibspace.o)
    0x080013e4   0x080013e4   0x00000080   Code   RO         4415    .text               c_w.l(_printf_fp_infnan.o)
    0x08001464   0x08001464   0x0000001c   Code   RO         4417    .text               c_w.l(_chval.o)
    0x08001480   0x08001480   0x000000e4   Code   RO         4419    .text               c_w.l(bigflt0.o)
    0x08001564   0x08001564   0x00000012   Code   RO         4450    .text               c_w.l(exit.o)
    0x08001576   0x08001576   0x00000002   PAD
    0x08001578   0x08001578   0x0000000c   Code   RO         4520    .text               c_w.l(sys_exit.o)
    0x08001584   0x08001584   0x00000002   Code   RO         4531    .text               c_w.l(use_no_semi.o)
    0x08001586   0x08001586   0x00000000   Code   RO         4533    .text               c_w.l(indicate_semi.o)
    0x08001586   0x08001586   0x0000003e   Code   RO         4422    CL$$btod_d2e        c_w.l(btod.o)
    0x080015c4   0x080015c4   0x00000046   Code   RO         4424    CL$$btod_d2e_denorm_low  c_w.l(btod.o)
    0x0800160a   0x0800160a   0x00000060   Code   RO         4423    CL$$btod_d2e_norm_op1  c_w.l(btod.o)
    0x0800166a   0x0800166a   0x00000338   Code   RO         4432    CL$$btod_div_common  c_w.l(btod.o)
    0x080019a2   0x080019a2   0x000000dc   Code   RO         4429    CL$$btod_e2e        c_w.l(btod.o)
    0x08001a7e   0x08001a7e   0x0000002a   Code   RO         4426    CL$$btod_ediv       c_w.l(btod.o)
    0x08001aa8   0x08001aa8   0x0000002a   Code   RO         4425    CL$$btod_emul       c_w.l(btod.o)
    0x08001ad2   0x08001ad2   0x00000244   Code   RO         4431    CL$$btod_mult_common  c_w.l(btod.o)
    0x08001d16   0x08001d16   0x00000002   PAD
    0x08001d18   0x08001d18   0x0000003c   Code   RO           13    i.Balance_Init      balance.o
    0x08001d54   0x08001d54   0x000002d8   Code   RO           16    i.Balance_TimerCallback  balance.o
    0x0800202c   0x0800202c   0x00000034   Code   RO         3797    i.BlueSerial_Get    blueserial.o
    0x08002060   0x08002060   0x00000010   Code   RO         3798    i.BlueSerial_IRQHandler  blueserial.o
    0x08002070   0x08002070   0x00000014   Code   RO         3799    i.BlueSerial_Init   blueserial.o
    0x08002084   0x08002084   0x0000001c   Code   RO         3801    i.BlueSerial_Printf  blueserial.o
    0x080020a0   0x080020a0   0x00000038   Code   RO         3802    i.BlueSerial_Put    blueserial.o
    0x080020d8   0x080020d8   0x00000020   Code   RO         3803    i.BlueSerial_Read   blueserial.o
    0x080020f8   0x080020f8   0x000000bc   Code   RO         3804    i.BlueSerial_Receive  blueserial.o
    0x080021b4   0x080021b4   0x00000050   Code   RO         3805    i.BlueSerial_ReceiveFlag  blueserial.o
    0x08002204   0x08002204   0x00000020   Code   RO         3808    i.BlueSerial_SendString  blueserial.o
    0x08002224   0x08002224   0x00000002   Code   RO          473    i.BusFault_Handler  stm32f1xx_it_1.o
    0x08002226   0x08002226   0x00000002   PAD
    0x08002228   0x08002228   0x00000080   Code   RO         3964    i.DebugMode         debugmode.o
    0x080022a8   0x080022a8   0x00000002   Code   RO          474    i.DebugMon_Handler  stm32f1xx_it_1.o
    0x080022aa   0x080022aa   0x00000002   PAD
    0x080022ac   0x080022ac   0x00000028   Code   RO         3910    i.Encoder_Get       encoder.o
    0x080022d4   0x080022d4   0x00000004   Code   RO          203    i.Error_Handler     main.o
    0x080022d8   0x080022d8   0x00000024   Code   RO         1878    i.FLASH_MassErase   stm32f1xx_hal_flash_ex.o
    0x080022fc   0x080022fc   0x00000024   Code   RO         1883    i.FLASH_PageErase   stm32f1xx_hal_flash_ex.o
    0x08002320   0x08002320   0x0000001c   Code   RO         1775    i.FLASH_Program_HalfWord  stm32f1xx_hal_flash.o
    0x0800233c   0x0800233c   0x0000005c   Code   RO         1776    i.FLASH_SetErrorCode  stm32f1xx_hal_flash.o
    0x08002398   0x08002398   0x00000054   Code   RO         1777    i.FLASH_WaitForLastOperation  stm32f1xx_hal_flash.o
    0x080023ec   0x080023ec   0x00000046   Code   RO         1439    i.HAL_DMA_Abort     stm32f1xx_hal_dma.o
    0x08002432   0x08002432   0x00000002   PAD
    0x08002434   0x08002434   0x00000098   Code   RO         1440    i.HAL_DMA_Abort_IT  stm32f1xx_hal_dma.o
    0x080024cc   0x080024cc   0x00000024   Code   RO         1065    i.HAL_Delay         stm32f1xx_hal.o
    0x080024f0   0x080024f0   0x000000a8   Code   RO         1884    i.HAL_FLASHEx_Erase  stm32f1xx_hal_flash_ex.o
    0x08002598   0x08002598   0x00000014   Code   RO         1781    i.HAL_FLASH_Lock    stm32f1xx_hal_flash.o
    0x080025ac   0x080025ac   0x00000080   Code   RO         1786    i.HAL_FLASH_Program  stm32f1xx_hal_flash.o
    0x0800262c   0x0800262c   0x00000028   Code   RO         1788    i.HAL_FLASH_Unlock  stm32f1xx_hal_flash.o
    0x08002654   0x08002654   0x000001e0   Code   RO         1375    i.HAL_GPIO_Init     stm32f1xx_hal_gpio.o
    0x08002834   0x08002834   0x0000000a   Code   RO         1377    i.HAL_GPIO_ReadPin  stm32f1xx_hal_gpio.o
    0x0800283e   0x0800283e   0x0000000a   Code   RO         1379    i.HAL_GPIO_WritePin  stm32f1xx_hal_gpio.o
    0x08002848   0x08002848   0x0000000c   Code   RO         1069    i.HAL_GetTick       stm32f1xx_hal.o
    0x08002854   0x08002854   0x00000188   Code   RO          632    i.HAL_I2C_Init      stm32f1xx_hal_i2c.o
    0x080029dc   0x080029dc   0x0000025c   Code   RO          650    i.HAL_I2C_Mem_Read  stm32f1xx_hal_i2c.o
    0x08002c38   0x08002c38   0x00000130   Code   RO          653    i.HAL_I2C_Mem_Write  stm32f1xx_hal_i2c.o
    0x08002d68   0x08002d68   0x00000060   Code   RO          294    i.HAL_I2C_MspInit   i2c.o
    0x08002dc8   0x08002dc8   0x00000010   Code   RO         1075    i.HAL_IncTick       stm32f1xx_hal.o
    0x08002dd8   0x08002dd8   0x00000024   Code   RO         1076    i.HAL_Init          stm32f1xx_hal.o
    0x08002dfc   0x08002dfc   0x00000040   Code   RO         1077    i.HAL_InitTick      stm32f1xx_hal.o
    0x08002e3c   0x08002e3c   0x00000044   Code   RO          561    i.HAL_MspInit       stm32f1xx_hal_msp.o
    0x08002e80   0x08002e80   0x0000001a   Code   RO         1535    i.HAL_NVIC_EnableIRQ  stm32f1xx_hal_cortex.o
    0x08002e9a   0x08002e9a   0x00000002   PAD
    0x08002e9c   0x08002e9c   0x00000040   Code   RO         1541    i.HAL_NVIC_SetPriority  stm32f1xx_hal_cortex.o
    0x08002edc   0x08002edc   0x00000024   Code   RO         1542    i.HAL_NVIC_SetPriorityGrouping  stm32f1xx_hal_cortex.o
    0x08002f00   0x08002f00   0x0000012c   Code   RO         1233    i.HAL_RCC_ClockConfig  stm32f1xx_hal_rcc.o
    0x0800302c   0x0800302c   0x00000020   Code   RO         1240    i.HAL_RCC_GetPCLK1Freq  stm32f1xx_hal_rcc.o
    0x0800304c   0x0800304c   0x00000020   Code   RO         1241    i.HAL_RCC_GetPCLK2Freq  stm32f1xx_hal_rcc.o
    0x0800306c   0x0800306c   0x0000004c   Code   RO         1242    i.HAL_RCC_GetSysClockFreq  stm32f1xx_hal_rcc.o
    0x080030b8   0x080030b8   0x00000320   Code   RO         1245    i.HAL_RCC_OscConfig  stm32f1xx_hal_rcc.o
    0x080033d8   0x080033d8   0x00000028   Code   RO         1546    i.HAL_SYSTICK_Config  stm32f1xx_hal_cortex.o
    0x08003400   0x08003400   0x00000002   Code   RO         2741    i.HAL_TIMEx_BreakCallback  stm32f1xx_hal_tim_ex.o
    0x08003402   0x08003402   0x00000002   Code   RO         2742    i.HAL_TIMEx_CommutCallback  stm32f1xx_hal_tim_ex.o
    0x08003404   0x08003404   0x00000068   Code   RO         2760    i.HAL_TIMEx_MasterConfigSynchronization  stm32f1xx_hal_tim_ex.o
    0x0800346c   0x0800346c   0x0000005a   Code   RO         2037    i.HAL_TIM_Base_Init  stm32f1xx_hal_tim.o
    0x080034c6   0x080034c6   0x00000002   PAD
    0x080034c8   0x080034c8   0x0000003c   Code   RO          336    i.HAL_TIM_Base_MspInit  tim.o
    0x08003504   0x08003504   0x00000058   Code   RO         2042    i.HAL_TIM_Base_Start_IT  stm32f1xx_hal_tim.o
    0x0800355c   0x0800355c   0x000000dc   Code   RO         2046    i.HAL_TIM_ConfigClockSource  stm32f1xx_hal_tim.o
    0x08003638   0x08003638   0x000000a4   Code   RO         2058    i.HAL_TIM_Encoder_Init  stm32f1xx_hal_tim.o
    0x080036dc   0x080036dc   0x0000008c   Code   RO          338    i.HAL_TIM_Encoder_MspInit  tim.o
    0x08003768   0x08003768   0x0000008e   Code   RO         2061    i.HAL_TIM_Encoder_Start  stm32f1xx_hal_tim.o
    0x080037f6   0x080037f6   0x00000002   Code   RO         2071    i.HAL_TIM_IC_CaptureCallback  stm32f1xx_hal_tim.o
    0x080037f8   0x080037f8   0x00000130   Code   RO         2085    i.HAL_TIM_IRQHandler  stm32f1xx_hal_tim.o
    0x08003928   0x08003928   0x00000048   Code   RO          339    i.HAL_TIM_MspPostInit  tim.o
    0x08003970   0x08003970   0x00000002   Code   RO         2088    i.HAL_TIM_OC_DelayElapsedCallback  stm32f1xx_hal_tim.o
    0x08003972   0x08003972   0x000000cc   Code   RO         2109    i.HAL_TIM_PWM_ConfigChannel  stm32f1xx_hal_tim.o
    0x08003a3e   0x08003a3e   0x0000005a   Code   RO         2112    i.HAL_TIM_PWM_Init  stm32f1xx_hal_tim.o
    0x08003a98   0x08003a98   0x00000024   Code   RO          341    i.HAL_TIM_PWM_MspInit  tim.o
    0x08003abc   0x08003abc   0x00000002   Code   RO         2115    i.HAL_TIM_PWM_PulseFinishedCallback  stm32f1xx_hal_tim.o
    0x08003abe   0x08003abe   0x00000002   PAD
    0x08003ac0   0x08003ac0   0x0000009c   Code   RO         2117    i.HAL_TIM_PWM_Start  stm32f1xx_hal_tim.o
    0x08003b5c   0x08003b5c   0x00000014   Code   RO           17    i.HAL_TIM_PeriodElapsedCallback  balance.o
    0x08003b70   0x08003b70   0x00000002   Code   RO         2128    i.HAL_TIM_TriggerCallback  stm32f1xx_hal_tim.o
    0x08003b72   0x08003b72   0x00000002   Code   RO         3020    i.HAL_UARTEx_RxEventCallback  stm32f1xx_hal_uart.o
    0x08003b74   0x08003b74   0x00000028   Code   RO         3809    i.HAL_UART_ErrorCallback  blueserial.o
    0x08003b9c   0x08003b9c   0x0000026c   Code   RO         3037    i.HAL_UART_IRQHandler  stm32f1xx_hal_uart.o
    0x08003e08   0x08003e08   0x00000064   Code   RO         3038    i.HAL_UART_Init     stm32f1xx_hal_uart.o
    0x08003e6c   0x08003e6c   0x000000cc   Code   RO          426    i.HAL_UART_MspInit  usart.o
    0x08003f38   0x08003f38   0x0000001c   Code   RO         3043    i.HAL_UART_Receive_IT  stm32f1xx_hal_uart.o
    0x08003f54   0x08003f54   0x00000030   Code   RO         3810    i.HAL_UART_RxCpltCallback  blueserial.o
    0x08003f84   0x08003f84   0x000000a0   Code   RO         3046    i.HAL_UART_Transmit  stm32f1xx_hal_uart.o
    0x08004024   0x08004024   0x00000002   Code   RO         3049    i.HAL_UART_TxCpltCallback  stm32f1xx_hal_uart.o
    0x08004026   0x08004026   0x00000002   Code   RO          475    i.HardFault_Handler  stm32f1xx_it_1.o
    0x08004028   0x08004028   0x0000002e   Code   RO          675    i.I2C_IsAcknowledgeFailed  stm32f1xx_hal_i2c.o
    0x08004056   0x08004056   0x00000002   PAD
    0x08004058   0x08004058   0x000000fc   Code   RO          685    i.I2C_RequestMemoryRead  stm32f1xx_hal_i2c.o
    0x08004154   0x08004154   0x000000a8   Code   RO          686    i.I2C_RequestMemoryWrite  stm32f1xx_hal_i2c.o
    0x080041fc   0x080041fc   0x00000056   Code   RO          690    i.I2C_WaitOnBTFFlagUntilTimeout  stm32f1xx_hal_i2c.o
    0x08004252   0x08004252   0x00000002   PAD
    0x08004254   0x08004254   0x00000090   Code   RO          691    i.I2C_WaitOnFlagUntilTimeout  stm32f1xx_hal_i2c.o
    0x080042e4   0x080042e4   0x000000bc   Code   RO          692    i.I2C_WaitOnMasterAddressFlagUntilTimeout  stm32f1xx_hal_i2c.o
    0x080043a0   0x080043a0   0x00000070   Code   RO          693    i.I2C_WaitOnRXNEFlagUntilTimeout  stm32f1xx_hal_i2c.o
    0x08004410   0x08004410   0x00000056   Code   RO          694    i.I2C_WaitOnTXEFlagUntilTimeout  stm32f1xx_hal_i2c.o
    0x08004466   0x08004466   0x00000002   PAD
    0x08004468   0x08004468   0x00000020   Code   RO         3445    i.Key_Check         key.o
    0x08004488   0x08004488   0x00000018   Code   RO         3446    i.Key_Clear         key.o
    0x080044a0   0x080044a0   0x0000003c   Code   RO         3447    i.Key_GetState      key.o
    0x080044dc   0x080044dc   0x00000004   Code   RO         3448    i.Key_Init          key.o
    0x080044e0   0x080044e0   0x0000014c   Code   RO         3449    i.Key_Tick          key.o
    0x0800462c   0x0800462c   0x00000066   Code   RO         3526    i.MPU6050_GetData   mpu6050.o
    0x08004692   0x08004692   0x0000004a   Code   RO         3529    i.MPU6050_Init      mpu6050.o
    0x080046dc   0x080046dc   0x0000001a   Code   RO         3530    i.MPU6050_WriteReg  mpu6050.o
    0x080046f6   0x080046f6   0x00000002   PAD
    0x080046f8   0x080046f8   0x00000138   Code   RO          269    i.MX_GPIO_Init      gpio.o
    0x08004830   0x08004830   0x00000040   Code   RO          295    i.MX_I2C2_Init      i2c.o
    0x08004870   0x08004870   0x00000068   Code   RO          342    i.MX_TIM1_Init      tim.o
    0x080048d8   0x080048d8   0x0000007c   Code   RO          343    i.MX_TIM2_Init      tim.o
    0x08004954   0x08004954   0x0000006c   Code   RO          344    i.MX_TIM3_Init      tim.o
    0x080049c0   0x080049c0   0x00000070   Code   RO          345    i.MX_TIM4_Init      tim.o
    0x08004a30   0x08004a30   0x00000038   Code   RO          427    i.MX_USART1_UART_Init  usart.o
    0x08004a68   0x08004a68   0x00000038   Code   RO          428    i.MX_USART2_UART_Init  usart.o
    0x08004aa0   0x08004aa0   0x00000002   Code   RO          476    i.MemManage_Handler  stm32f1xx_it_1.o
    0x08004aa2   0x08004aa2   0x00000002   PAD
    0x08004aa4   0x08004aa4   0x000000b4   Code   RO         3499    i.Motor_SetPWM      motor.o
    0x08004b58   0x08004b58   0x00000024   Code   RO         4023    i.MyFLASH_ErasePage  myflash.o
    0x08004b7c   0x08004b7c   0x0000001e   Code   RO         4024    i.MyFLASH_ProgramHalfWord  myflash.o
    0x08004b9a   0x08004b9a   0x00000002   Code   RO          477    i.NMI_Handler       stm32f1xx_it_1.o
    0x08004b9c   0x08004b9c   0x00000026   Code   RO         3573    i.OLED_Clear        oled.o
    0x08004bc2   0x08004bc2   0x00000010   Code   RO         3574    i.OLED_Delay_us     oled.o
    0x08004bd2   0x08004bd2   0x00000002   PAD
    0x08004bd4   0x08004bd4   0x00000060   Code   RO         3575    i.OLED_I2C_Init     oled.o
    0x08004c34   0x08004c34   0x00000080   Code   RO         3576    i.OLED_I2C_SendByte  oled.o
    0x08004cb4   0x08004cb4   0x00000044   Code   RO         3577    i.OLED_I2C_Start    oled.o
    0x08004cf8   0x08004cf8   0x0000003c   Code   RO         3578    i.OLED_I2C_Stop     oled.o
    0x08004d34   0x08004d34   0x0000009e   Code   RO         3579    i.OLED_Init         oled.o
    0x08004dd2   0x08004dd2   0x0000000e   Code   RO         3580    i.OLED_Pow          oled.o
    0x08004de0   0x08004de0   0x00000022   Code   RO         3581    i.OLED_SetCursor    oled.o
    0x08004e02   0x08004e02   0x00000002   PAD
    0x08004e04   0x08004e04   0x00000068   Code   RO         3583    i.OLED_ShowChar     oled.o
    0x08004e6c   0x08004e6c   0x0000011c   Code   RO         3584    i.OLED_ShowFloat    oled.o
    0x08004f88   0x08004f88   0x00000026   Code   RO         3588    i.OLED_ShowString   oled.o
    0x08004fae   0x08004fae   0x00000022   Code   RO         3589    i.OLED_WriteCommand  oled.o
    0x08004fd0   0x08004fd0   0x00000022   Code   RO         3590    i.OLED_WriteData    oled.o
    0x08004ff2   0x08004ff2   0x00000016   Code   RO         3934    i.PID_Init          pid.o
    0x08005008   0x08005008   0x000000d8   Code   RO         3935    i.PID_Update        pid.o
    0x080050e0   0x080050e0   0x0000000c   Code   RO         3700    i.PWM_SetCompare1   pwm.o
    0x080050ec   0x080050ec   0x0000000c   Code   RO         3701    i.PWM_SetCompare2   pwm.o
    0x080050f8   0x080050f8   0x00000002   Code   RO          478    i.PendSV_Handler    stm32f1xx_it_1.o
    0x080050fa   0x080050fa   0x00000002   Code   RO          479    i.SVC_Handler       stm32f1xx_it_1.o
    0x080050fc   0x080050fc   0x0000002c   Code   RO         3966    i.SaveParam         debugmode.o
    0x08005128   0x08005128   0x00000254   Code   RO         3967    i.SensorCalibration  debugmode.o
    0x0800537c   0x0800537c   0x0000001c   Code   RO         3730    i.Serial_Printf     serial.o
    0x08005398   0x08005398   0x00000020   Code   RO         3734    i.Serial_SendString  serial.o
    0x080053b8   0x080053b8   0x00000034   Code   RO         4084    i.Store_Save        store.o
    0x080053ec   0x080053ec   0x00000004   Code   RO          480    i.SysTick_Handler   stm32f1xx_it_1.o
    0x080053f0   0x080053f0   0x0000005e   Code   RO          204    i.SystemClock_Config  main.o
    0x0800544e   0x0800544e   0x00000002   Code   RO         3372    i.SystemInit        system_stm32f1xx_1.o
    0x08005450   0x08005450   0x0000000c   Code   RO          481    i.TIM1_UP_IRQHandler  stm32f1xx_it_1.o
    0x0800545c   0x0800545c   0x00000078   Code   RO         2130    i.TIM_Base_SetConfig  stm32f1xx_hal_tim.o
    0x080054d4   0x080054d4   0x0000001a   Code   RO         2131    i.TIM_CCxChannelCmd  stm32f1xx_hal_tim.o
    0x080054ee   0x080054ee   0x00000014   Code   RO         2141    i.TIM_ETR_SetConfig  stm32f1xx_hal_tim.o
    0x08005502   0x08005502   0x00000010   Code   RO         2142    i.TIM_ITRx_SetConfig  stm32f1xx_hal_tim.o
    0x08005512   0x08005512   0x00000002   PAD
    0x08005514   0x08005514   0x00000050   Code   RO         2143    i.TIM_OC1_SetConfig  stm32f1xx_hal_tim.o
    0x08005564   0x08005564   0x00000058   Code   RO         2144    i.TIM_OC2_SetConfig  stm32f1xx_hal_tim.o
    0x080055bc   0x080055bc   0x00000058   Code   RO         2145    i.TIM_OC3_SetConfig  stm32f1xx_hal_tim.o
    0x08005614   0x08005614   0x00000044   Code   RO         2146    i.TIM_OC4_SetConfig  stm32f1xx_hal_tim.o
    0x08005658   0x08005658   0x00000022   Code   RO         2148    i.TIM_TI1_ConfigInputStage  stm32f1xx_hal_tim.o
    0x0800567a   0x0800567a   0x00000024   Code   RO         2150    i.TIM_TI2_ConfigInputStage  stm32f1xx_hal_tim.o
    0x0800569e   0x0800569e   0x00000010   Code   RO         3051    i.UART_DMAAbortOnError  stm32f1xx_hal_uart.o
    0x080056ae   0x080056ae   0x0000004e   Code   RO         3061    i.UART_EndRxTransfer  stm32f1xx_hal_uart.o
    0x080056fc   0x080056fc   0x000000c2   Code   RO         3063    i.UART_Receive_IT   stm32f1xx_hal_uart.o
    0x080057be   0x080057be   0x00000002   PAD
    0x080057c0   0x080057c0   0x000000b8   Code   RO         3064    i.UART_SetConfig    stm32f1xx_hal_uart.o
    0x08005878   0x08005878   0x00000036   Code   RO         3066    i.UART_Start_Receive_IT  stm32f1xx_hal_uart.o
    0x080058ae   0x080058ae   0x00000072   Code   RO         3067    i.UART_WaitOnFlagUntilTimeout  stm32f1xx_hal_uart.o
    0x08005920   0x08005920   0x0000000c   Code   RO          482    i.USART2_IRQHandler  stm32f1xx_it_1.o
    0x0800592c   0x0800592c   0x00000002   Code   RO          483    i.UsageFault_Handler  stm32f1xx_it_1.o
    0x0800592e   0x0800592e   0x00000028   Code   RO         4404    i.__ARM_fpclassify  m_ws.l(fpclassify.o)
    0x08005956   0x08005956   0x00000020   Code   RO         1548    i.__NVIC_SetPriority  stm32f1xx_hal_cortex.o
    0x08005976   0x08005976   0x000000aa   Code   RO         4406    i.__kernel_poly     m_ws.l(poly.o)
    0x08005a20   0x08005a20   0x00000006   Code   RO         4346    i.__mathlib_dbl_infnan  m_ws.l(dunder.o)
    0x08005a26   0x08005a26   0x00000004   Code   RO         4347    i.__mathlib_dbl_infnan2  m_ws.l(dunder.o)
    0x08005a2a   0x08005a2a   0x00000002   PAD
    0x08005a2c   0x08005a2c   0x00000010   Code   RO         4351    i.__mathlib_dbl_underflow  m_ws.l(dunder.o)
    0x08005a3c   0x08005a3c   0x0000000e   Code   RO         4275    i._is_digit         c_w.l(__printf_wp.o)
    0x08005a4a   0x08005a4a   0x00000002   PAD
    0x08005a4c   0x08005a4c   0x00000034   Code   RO         3968    i.accelerate        debugmode.o
    0x08005a80   0x08005a80   0x00000220   Code   RO         4336    i.atan              m_ws.l(atan.o)
    0x08005ca0   0x08005ca0   0x00000180   Code   RO         4202    i.atan2             m_ws.l(atan2.o)
    0x08005e20   0x08005e20   0x00000034   Code   RO         3969    i.decelerate        debugmode.o
    0x08005e54   0x08005e54   0x00000390   Code   RO          205    i.main              main.o
    0x080061e4   0x080061e4   0x0000002c   Code   RO         4445    locale$$code        c_w.l(lc_ctype_c.o)
    0x08006210   0x08006210   0x0000002c   Code   RO         4448    locale$$code        c_w.l(lc_numeric_c.o)
    0x0800623c   0x0800623c   0x00000062   Code   RO         4139    x$fpl$d2f           fz_ws.l(d2f.o)
    0x0800629e   0x0800629e   0x00000002   PAD
    0x080062a0   0x080062a0   0x00000150   Code   RO         4141    x$fpl$dadd          fz_ws.l(daddsub_clz.o)
    0x080063f0   0x080063f0   0x00000010   Code   RO         4310    x$fpl$dcheck1       fz_ws.l(dcheck1.o)
    0x08006400   0x08006400   0x00000018   Code   RO         4400    x$fpl$dcmpinf       fz_ws.l(dcmpi.o)
    0x08006418   0x08006418   0x000002b0   Code   RO         4148    x$fpl$ddiv          fz_ws.l(ddiv.o)
    0x080066c8   0x080066c8   0x0000005e   Code   RO         4151    x$fpl$dfix          fz_ws.l(dfix.o)
    0x08006726   0x08006726   0x00000002   PAD
    0x08006728   0x08006728   0x0000005a   Code   RO         4155    x$fpl$dfixu         fz_ws.l(dfixu.o)
    0x08006782   0x08006782   0x0000002e   Code   RO         4160    x$fpl$dflt          fz_ws.l(dflt_clz.o)
    0x080067b0   0x080067b0   0x00000026   Code   RO         4159    x$fpl$dfltu         fz_ws.l(dflt_clz.o)
    0x080067d6   0x080067d6   0x00000002   PAD
    0x080067d8   0x080067d8   0x00000078   Code   RO         4312    x$fpl$dleqf         fz_ws.l(dleqf.o)
    0x08006850   0x08006850   0x00000154   Code   RO         4165    x$fpl$dmul          fz_ws.l(dmul.o)
    0x080069a4   0x080069a4   0x0000009c   Code   RO         4314    x$fpl$dnaninf       fz_ws.l(dnaninf.o)
    0x08006a40   0x08006a40   0x0000000c   Code   RO         4316    x$fpl$dretinf       fz_ws.l(dretinf.o)
    0x08006a4c   0x08006a4c   0x0000006c   Code   RO         4167    x$fpl$drleqf        fz_ws.l(drleqf.o)
    0x08006ab8   0x08006ab8   0x00000016   Code   RO         4142    x$fpl$drsb          fz_ws.l(daddsub_clz.o)
    0x08006ace   0x08006ace   0x00000002   PAD
    0x08006ad0   0x08006ad0   0x000001d4   Code   RO         4143    x$fpl$dsub          fz_ws.l(daddsub_clz.o)
    0x08006ca4   0x08006ca4   0x00000056   Code   RO         4169    x$fpl$f2d           fz_ws.l(f2d.o)
    0x08006cfa   0x08006cfa   0x00000002   PAD
    0x08006cfc   0x08006cfc   0x000000c4   Code   RO         4171    x$fpl$fadd          fz_ws.l(faddsub_clz.o)
    0x08006dc0   0x08006dc0   0x0000000c   Code   RO         4318    x$fpl$fcheck1       fz_ws.l(fcheck1.o)
    0x08006dcc   0x08006dcc   0x00000018   Code   RO         4320    x$fpl$fcmpinf       fz_ws.l(fcmpi.o)
    0x08006de4   0x08006de4   0x00000184   Code   RO         4178    x$fpl$fdiv          fz_ws.l(fdiv.o)
    0x08006f68   0x08006f68   0x00000036   Code   RO         4181    x$fpl$ffix          fz_ws.l(ffix.o)
    0x08006f9e   0x08006f9e   0x00000002   PAD
    0x08006fa0   0x08006fa0   0x00000030   Code   RO         4186    x$fpl$fflt          fz_ws.l(fflt_clz.o)
    0x08006fd0   0x08006fd0   0x00000068   Code   RO         4191    x$fpl$fleqf         fz_ws.l(fleqf.o)
    0x08007038   0x08007038   0x00000102   Code   RO         4193    x$fpl$fmul          fz_ws.l(fmul.o)
    0x0800713a   0x0800713a   0x0000008c   Code   RO         4322    x$fpl$fnaninf       fz_ws.l(fnaninf.o)
    0x080071c6   0x080071c6   0x0000000a   Code   RO         4324    x$fpl$fretinf       fz_ws.l(fretinf.o)
    0x080071d0   0x080071d0   0x00000062   Code   RO         4195    x$fpl$frleqf        fz_ws.l(frleqf.o)
    0x08007232   0x08007232   0x00000014   Code   RO         4172    x$fpl$frsb          fz_ws.l(faddsub_clz.o)
    0x08007246   0x08007246   0x00000002   PAD
    0x08007248   0x08007248   0x000000ea   Code   RO         4173    x$fpl$fsub          fz_ws.l(faddsub_clz.o)
    0x08007332   0x08007332   0x00000004   Code   RO         4326    x$fpl$printf1       fz_ws.l(printf1.o)
    0x08007336   0x08007336   0x00000004   Code   RO         4328    x$fpl$printf2       fz_ws.l(printf2.o)
    0x0800733a   0x0800733a   0x00000064   Code   RO         4402    x$fpl$retnan        fz_ws.l(retnan.o)
    0x0800739e   0x0800739e   0x0000005c   Code   RO         4197    x$fpl$scalbn        fz_ws.l(scalbn.o)
    0x080073fa   0x080073fa   0x0000004c   Code   RO         4199    x$fpl$scalbnf       fz_ws.l(scalbnf.o)
    0x08007446   0x08007446   0x00000030   Code   RO         4460    x$fpl$trapveneer    fz_ws.l(trapv.o)
    0x08007476   0x08007476   0x00000000   Code   RO         4334    x$fpl$usenofp       fz_ws.l(usenofp.o)
    0x08007476   0x08007476   0x00000012   Data   RO         1246    .constdata          stm32f1xx_hal_rcc.o
    0x08007488   0x08007488   0x00000010   Data   RO         3373    .constdata          system_stm32f1xx_1.o
    0x08007498   0x08007498   0x00000008   Data   RO         3374    .constdata          system_stm32f1xx_1.o
    0x080074a0   0x080074a0   0x000005f0   Data   RO         3591    .constdata          oled.o
    0x08007a90   0x08007a90   0x00000008   Data   RO         4234    .constdata          c_w.l(_printf_wctomb.o)
    0x08007a98   0x08007a98   0x00000028   Data   RO         4263    .constdata          c_w.l(_printf_hex_int_ll_ptr.o)
    0x08007ac0   0x08007ac0   0x00000011   Data   RO         4283    .constdata          c_w.l(__printf_flags_ss_wp.o)
    0x08007ad1   0x08007ad1   0x00000007   PAD
    0x08007ad8   0x08007ad8   0x00000098   Data   RO         4337    .constdata          m_ws.l(atan.o)
    0x08007b70   0x08007b70   0x00000008   Data   RO         4359    .constdata          m_ws.l(qnan.o)
    0x08007b78   0x08007b78   0x00000026   Data   RO         4387    .constdata          c_w.l(_printf_fp_hex.o)
    0x08007b9e   0x08007b9e   0x00000002   PAD
    0x08007ba0   0x08007ba0   0x00000094   Data   RO         4420    .constdata          c_w.l(bigflt0.o)
    0x08007c34   0x08007c34   0x00000020   Data   RO         4586    Region$$Table       anon$$obj.o
    0x08007c54   0x08007c54   0x00000110   Data   RO         4444    locale$$data        c_w.l(lc_ctype_c.o)
    0x08007d64   0x08007d64   0x0000001c   Data   RO         4447    locale$$data        c_w.l(lc_numeric_c.o)


    Execution Region RW_IRAM1 (Exec base: 0x20000000, Load base: 0x08007d80, Size: 0x00000f08, Max: 0x00005000, ABSOLUTE, COMPRESSED[0x00000030])

    Exec Addr    Load Addr    Size         Type   Attr      Idx    E Section Name        Object

    0x20000000   COMPRESSED   0x00000002   Data   RW           18    .data               balance.o
    0x20000002   COMPRESSED   0x00000002   PAD
    0x20000004   COMPRESSED   0x00000104   Data   RW           19    .data               balance.o
    0x20000108   COMPRESSED   0x00000001   Data   RW           22    .data               balance.o
    0x20000109   COMPRESSED   0x00000003   PAD
    0x2000010c   COMPRESSED   0x00000004   Data   RW          206    .data               main.o
    0x20000110   COMPRESSED   0x0000000c   Data   RW         1083    .data               stm32f1xx_hal.o
    0x2000011c   COMPRESSED   0x00000004   Data   RW         3375    .data               system_stm32f1xx_1.o
    0x20000120   COMPRESSED   0x0000001a   Data   RW         3450    .data               key.o
    0x2000013a   COMPRESSED   0x00000008   Data   RW         3812    .data               blueserial.o
    0x20000142   COMPRESSED   0x00000002   PAD
    0x20000144        -       0x00000054   Zero   RW          296    .bss                i2c.o
    0x20000198        -       0x00000120   Zero   RW          346    .bss                tim.o
    0x200002b8        -       0x00000090   Zero   RW          429    .bss                usart.o
    0x20000348        -       0x00000020   Zero   RW         1789    .bss                stm32f1xx_hal_flash.o
    0x20000368        -       0x00000140   Zero   RW         3811    .bss                blueserial.o
    0x200004a8        -       0x00000400   Zero   RW         4085    .bss                store.o
    0x200008a8        -       0x00000060   Zero   RW         4361    .bss                c_w.l(libspace.o)
    0x20000908        -       0x00000200   Zero   RW            2    HEAP                startup_stm32f103xb.o
    0x20000b08        -       0x00000400   Zero   RW            1    STACK               startup_stm32f103xb.o


==============================================================================

Image component sizes


      Code (inc. data)   RO Data    RW Data    ZI Data      Debug   Object Name

       808         98          0        263          0     444501   balance.o
       592         88          0          8        320       7273   blueserial.o
       872        264          0          0          0       2870   debugmode.o
        40         10          0          0          0        546   encoder.o
       312         16          0          0          0       1007   gpio.o
       160         28          0          0         84       1569   i2c.o
       452         26          0         26          0       3564   key.o
      1010        214          0          4          0       2632   main.o
       180          4          0          0          0        767   motor.o
       202          0          0          0          0       2469   mpu6050.o
        66          0          0          0          0       1158   myflash.o
      1106         34       1520          0          0       9031   oled.o
       238          0          0          0          0       1380   pid.o
        24          8          0          0          0        888   pwm.o
        60          6          0          0          0       2148   serial.o
        64         26        236          0       1536        796   startup_stm32f103xb.o
       164         28          0         12          0       5781   stm32f1xx_hal.o
       198         14          0          0          0      28851   stm32f1xx_hal_cortex.o
       222          4          0          0          0       1723   stm32f1xx_hal_dma.o
       392         46          0          0         32       4610   stm32f1xx_hal_flash.o
       240         26          0          0          0       3189   stm32f1xx_hal_flash_ex.o
       500         34          0          0          0       3455   stm32f1xx_hal_gpio.o
      2382         56          0          0          0      12838   stm32f1xx_hal_i2c.o
        68         10          0          0          0        846   stm32f1xx_hal_msp.o
      1240         84         18          0          0       5020   stm32f1xx_hal_rcc.o
      2042         56          0          0          0      17147   stm32f1xx_hal_tim.o
       108         12          0          0          0       2341   stm32f1xx_hal_tim_ex.o
      1552         10          0          0          0      10251   stm32f1xx_hal_uart.o
        44         12          0          0          0       4575   stm32f1xx_it_1.o
        52          8          0          0       1024       1154   store.o
         2          0         24          4          0       1071   system_stm32f1xx_1.o
       756         78          0          0        288       5275   tim.o
       316         34          0          0        144       2291   usart.o

    ----------------------------------------------------------------------
     16494       1334       1830        324       3428     593017   Object Totals
         0          0         32          0          0          0   (incl. Generated)
        30          0          0          7          0          0   (incl. Padding)

    ----------------------------------------------------------------------

      Code (inc. data)   RO Data    RW Data    ZI Data      Debug   Library Member Name

        58          0          0          0          0          0   __dczerorl.o
         8          0          0          0          0         68   __main.o
       392          4         17          0          0         92   __printf_flags_ss_wp.o
        14          0          0          0          0         68   __printf_wp.o
         0          0          0          0          0          0   __rtentry.o
        12          0          0          0          0          0   __rtentry2.o
         6          0          0          0          0          0   __rtentry4.o
        52          8          0          0          0          0   __scatter.o
        28          0          0          0          0          0   __scatter_zi.o
        28          0          0          0          0         68   _chval.o
         6          0          0          0          0          0   _printf_a.o
         6          0          0          0          0          0   _printf_c.o
        44          0          0          0          0        108   _printf_char.o
        48          6          0          0          0         96   _printf_char_common.o
        40          0          0          0          0         68   _printf_charcount.o
         6          0          0          0          0          0   _printf_d.o
       120         16          0          0          0         92   _printf_dec.o
         6          0          0          0          0          0   _printf_e.o
         6          0          0          0          0          0   _printf_f.o
      1054          0          0          0          0        216   _printf_fp_dec.o
       764          8         38          0          0        100   _printf_fp_hex.o
       128         16          0          0          0         84   _printf_fp_infnan.o
         6          0          0          0          0          0   _printf_g.o
       148          4         40          0          0        160   _printf_hex_int_ll_ptr.o
         6          0          0          0          0          0   _printf_i.o
       178          0          0          0          0         88   _printf_intcommon.o
        10          0          0          0          0          0   _printf_l.o
         6          0          0          0          0          0   _printf_lc.o
        10          0          0          0          0          0   _printf_ll.o
         6          0          0          0          0          0   _printf_lld.o
         6          0          0          0          0          0   _printf_lli.o
         6          0          0          0          0          0   _printf_llo.o
         6          0          0          0          0          0   _printf_llu.o
         6          0          0          0          0          0   _printf_llx.o
       124         16          0          0          0         92   _printf_longlong_dec.o
         6          0          0          0          0          0   _printf_ls.o
         6          0          0          0          0          0   _printf_n.o
         6          0          0          0          0          0   _printf_o.o
       112         10          0          0          0        124   _printf_oct_int_ll.o
         6          0          0          0          0          0   _printf_p.o
        78          0          0          0          0        108   _printf_pad.o
         0          0          0          0          0          0   _printf_percent.o
         4          0          0          0          0          0   _printf_percent_end.o
         6          0          0          0          0          0   _printf_s.o
        82          0          0          0          0         80   _printf_str.o
        36          0          0          0          0         84   _printf_truncate.o
         6          0          0          0          0          0   _printf_u.o
        44          0          0          0          0        108   _printf_wchar.o
       188          6          8          0          0         92   _printf_wctomb.o
         6          0          0          0          0          0   _printf_x.o
        10          0          0          0          0         68   _sputc.o
       158          0          0          0          0         92   _strtoul.o
        64          0          0          0          0         92   _wcrtomb.o
        26          0          0          0          0         80   atoi.o
       228          4        148          0          0         96   bigflt0.o
      1936        128          0          0          0        672   btod.o
        18          0          0          0          0         80   exit.o
         6          0          0          0          0        152   heapauxi.o
         0          0          0          0          0          0   indicate_semi.o
        44         10        272          0          0         76   lc_ctype_c.o
        44         10         28          0          0         76   lc_numeric_c.o
         2          0          0          0          0          0   libinit.o
        30          0          0          0          0          0   libinit2.o
         2          0          0          0          0          0   libshutdown.o
         2          0          0          0          0          0   libshutdown2.o
         8          4          0          0         96         68   libspace.o
       138          0          0          0          0         80   lludiv10.o
        38          0          0          0          0         68   llushr.o
        16          4          0          0          0         76   rt_ctype_table.o
         8          4          0          0          0         68   rt_errno_addr_intlibspace.o
         8          4          0          0          0         68   rt_locale_intlibspace.o
        78          0          0          0          0         80   rt_memclr_w.o
         2          0          0          0          0          0   rtexit.o
        10          0          0          0          0          0   rtexit2.o
       128          0          0          0          0         68   strcmpv7m.o
        62          0          0          0          0         76   strlen.o
       112          0          0          0          0         88   strtol.o
        12          4          0          0          0         68   sys_exit.o
        74          0          0          0          0         80   sys_stackheap_outer.o
         2          0          0          0          0         68   use_no_semi.o
        36          4          0          0          0         76   vsprintf.o
        98          4          0          0          0         92   d2f.o
       826         16          0          0          0        348   daddsub_clz.o
        16          4          0          0          0         68   dcheck1.o
        24          0          0          0          0         68   dcmpi.o
       688        140          0          0          0        208   ddiv.o
        94          4          0          0          0         92   dfix.o
        90          4          0          0          0         92   dfixu.o
        84          0          0          0          0        136   dflt_clz.o
       120          4          0          0          0         92   dleqf.o
       340         12          0          0          0        104   dmul.o
       156          4          0          0          0         92   dnaninf.o
        12          0          0          0          0         68   dretinf.o
       108          0          0          0          0         80   drleqf.o
        86          4          0          0          0         84   f2d.o
       450          8          0          0          0        236   faddsub_clz.o
        12          4          0          0          0         68   fcheck1.o
        24          0          0          0          0         68   fcmpi.o
       388         76          0          0          0         96   fdiv.o
        54          4          0          0          0         84   ffix.o
        48          0          0          0          0         68   fflt_clz.o
       104          4          0          0          0         84   fleqf.o
       258          4          0          0          0         84   fmul.o
       140          4          0          0          0         84   fnaninf.o
        10          0          0          0          0         68   fretinf.o
        98          0          0          0          0         68   frleqf.o
         4          0          0          0          0         68   printf1.o
         4          0          0          0          0         68   printf2.o
       100          0          0          0          0         68   retnan.o
        92          0          0          0          0         68   scalbn.o
        76          0          0          0          0         68   scalbnf.o
        48          0          0          0          0         68   trapv.o
         0          0          0          0          0          0   usenofp.o
       544         70        152          0          0        124   atan.o
       384         38          0          0          0        144   atan2.o
        26          6          0          0          0        204   dunder.o
        40          0          0          0          0         68   fpclassify.o
       170          0          0          0          0         96   poly.o
         0          0          8          0          0          0   qnan.o

    ----------------------------------------------------------------------
     13084        684        720          0         96       8188   Library Totals
        36          0          9          0          0          0   (incl. Padding)

    ----------------------------------------------------------------------

      Code (inc. data)   RO Data    RW Data    ZI Data      Debug   Library Name

      7232        270        551          0         96       4512   c_w.l
      4652        300          0          0          0       3040   fz_ws.l
      1164        114        160          0          0        636   m_ws.l

    ----------------------------------------------------------------------
     13084        684        720          0         96       8188   Library Totals

    ----------------------------------------------------------------------

==============================================================================


      Code (inc. data)   RO Data    RW Data    ZI Data      Debug   

     29578       2018       2550        324       3524     588461   Grand Totals
     29578       2018       2550         48       3524     588461   ELF Image Totals (compressed)
     29578       2018       2550         48          0          0   ROM Totals

==============================================================================

    Total RO  Size (Code + RO Data)                32128 (  31.38kB)
    Total RW  Size (RW Data + ZI Data)              3848 (   3.76kB)
    Total ROM Size (Code + RO Data + RW Data)      32176 (  31.42kB)

==============================================================================

